  Determining projects to restore...
  All projects are up-to-date for restore.
  FSharp.Core -> E:\repos\fsharp\artifacts\bin\FSharp.Core\Debug\netstandard2.0\FSharp.Core.dll
  FSharp.DependencyManager.Nuget -> E:\repos\fsharp\artifacts\bin\FSharp.DependencyManager.Nuget\Debug\netstandard2.0\FSharp.DependencyManager.Nuget.dll
  FSharp.Compiler.Service -> E:\repos\fsharp\artifacts\bin\FSharp.Compiler.Service\Debug\netstandard2.0\FSharp.Compiler.Service.dll
  FSharp.UIResources -> E:\repos\fsharp\artifacts\bin\FSharp.UIResources\Debug\net472\FSharp.UIResources.dll
  FSharp.VS.FSI -> E:\repos\fsharp\artifacts\bin\FSharp.VS.FSI\Debug\net472\FSharp.VS.FSI.dll
E:\repos\fsharp\vsintegration\src\FSharp.Editor\Common\DebugHelpers.fs(124,9): error FS0039: The value or constructor 'async2' is not defined. Maybe you want one of the following:   async   Async   AsyncLazy   AsyncLocal   AsyncQueue [E:\repos\fsharp\vsintegration\src\FSharp.Editor\FSharp.Editor.fsproj]
E:\repos\fsharp\vsintegration\src\FSharp.Editor\LanguageService\FSharpProjectOptionsManager.fs(200,9): error FS0039: The value or constructor 'async2' is not defined. Maybe you want one of the following:   async   Async   AsyncLocal   asyncMaybe   AsyncLocal [E:\repos\fsharp\vsintegration\src\FSharp.Editor\FSharp.Editor.fsproj]
E:\repos\fsharp\vsintegration\src\FSharp.Editor\LanguageService\FSharpProjectOptionsManager.fs(325,9): error FS0039: The value or constructor 'async2' is not defined. Maybe you want one of the following:   async   Async   AsyncLocal   asyncMaybe   AsyncLocal [E:\repos\fsharp\vsintegration\src\FSharp.Editor\FSharp.Editor.fsproj]
E:\repos\fsharp\vsintegration\src\FSharp.Editor\LanguageService\FSharpAnalysisSaveFileCommandHandler.fs(54,29): error FS0039: The value or constructor 'async2' is not defined. Maybe you want one of the following:   async   Async   asyncMaybe   AsyncReturn   AsyncBuilder [E:\repos\fsharp\vsintegration\src\FSharp.Editor\FSharp.Editor.fsproj]
E:\repos\fsharp\vsintegration\src\FSharp.Editor\LanguageService\LanguageService.fs(198,25): error FS0039: The value or constructor 'async2' is not defined. Maybe you want one of the following:   async   Async   AsyncLocal   asyncMaybe   AsyncLocal [E:\repos\fsharp\vsintegration\src\FSharp.Editor\FSharp.Editor.fsproj]
E:\repos\fsharp\vsintegration\src\FSharp.Editor\LanguageService\LanguageService.fs(358,17): error FS0039: The value or constructor 'async2' is not defined. Maybe you want one of the following:   async   Async   AsyncLocal   asyncMaybe   AsyncLocal [E:\repos\fsharp\vsintegration\src\FSharp.Editor\FSharp.Editor.fsproj]
E:\repos\fsharp\vsintegration\src\FSharp.Editor\LanguageService\LanguageService.fs(418,24): error FS0001: Type mismatch. Expecting a    'obj -> 'a'    but given a    'CancellableTask<'b> -> Tasks.Task<'b>'    The type 'CancellableTask<'a>' does not match the type 'obj' [E:\repos\fsharp\vsintegration\src\FSharp.Editor\FSharp.Editor.fsproj]
E:\repos\fsharp\vsintegration\src\FSharp.Editor\LanguageService\LanguageService.fs(418,24): error FS0001: Type mismatch. Expecting a    'obj -> 'a'    but given a    'CancellableTask<'b> -> Tasks.Task<'b>'    The type 'CancellableTask<'a>' does not match the type 'obj' [E:\repos\fsharp\vsintegration\src\FSharp.Editor\FSharp.Editor.fsproj]
E:\repos\fsharp\vsintegration\src\FSharp.Editor\LanguageService\LanguageService.fs(316,17): error FS1182: The value 'solutionEventsOpt' is unused [E:\repos\fsharp\vsintegration\src\FSharp.Editor\FSharp.Editor.fsproj]
E:\repos\fsharp\vsintegration\src\FSharp.Editor\LanguageService\SymbolHelpers.fs(30,20): error FS0001: Type mismatch. Expecting a    'Internal.Utilities.Library.Async2<FSharpParseFileResults * FSharpCheckFileResults> -> 'a'    but given a    'CancellableTask<'b> -> Task<'b>'    The type 'CancellableTask<'a>' does not match the type 'Internal.Utilities.Library.Async2<FSharpParseFileResults * FSharpCheckFileResults>' [E:\repos\fsharp\vsintegration\src\FSharp.Editor\FSharp.Editor.fsproj]
E:\repos\fsharp\vsintegration\src\FSharp.Editor\LanguageService\SymbolHelpers.fs(30,20): error FS0001: Type mismatch. Expecting a    'Internal.Utilities.Library.Async2<FSharpParseFileResults * FSharpCheckFileResults> -> 'a'    but given a    'CancellableTask<'b> -> Task<'b>'    The type 'CancellableTask<'a>' does not match the type 'Internal.Utilities.Library.Async2<FSharpParseFileResults * FSharpCheckFileResults>' [E:\repos\fsharp\vsintegration\src\FSharp.Editor\FSharp.Editor.fsproj]
E:\repos\fsharp\vsintegration\src\FSharp.Editor\LanguageService\SymbolHelpers.fs(34,113): error FS0001: Type mismatch. Expecting a    'Internal.Utilities.Library.Async2<string list * string * bool option> -> 'a'    but given a    'Async<'b> -> Async<'b option>'    The type 'Async<'a>' does not match the type 'Internal.Utilities.Library.Async2<string list * string * bool option>' [E:\repos\fsharp\vsintegration\src\FSharp.Editor\FSharp.Editor.fsproj]
E:\repos\fsharp\vsintegration\src\FSharp.Editor\LanguageService\SymbolHelpers.fs(58,17): error FS0072: Lookup on object of indeterminate type based on information prior to this program point. A type annotation may be needed prior to this program point to constrain the type of the object. This may allow the lookup to be resolved. [E:\repos\fsharp\vsintegration\src\FSharp.Editor\FSharp.Editor.fsproj]
E:\repos\fsharp\vsintegration\src\FSharp.Editor\LanguageService\SymbolHelpers.fs(68,17): error FS0072: Lookup on object of indeterminate type based on information prior to this program point. A type annotation may be needed prior to this program point to constrain the type of the object. This may allow the lookup to be resolved. [E:\repos\fsharp\vsintegration\src\FSharp.Editor\FSharp.Editor.fsproj]
E:\repos\fsharp\vsintegration\src\FSharp.Editor\LanguageService\SymbolHelpers.fs(67,13): error FS0041: A unique overload for method 'Bind' could not be determined based on type information prior to this program point. A type annotation may be needed.Known types of arguments: 'a * ('b -> Async<'c option>)Candidates: - member AsyncMaybeBuilder.Bind: value: 'T option * [<InlineIfLambda>] f: ('T -> Async<'U option>) -> Async<'U option> - member AsyncMaybeBuilder.Bind: value: 'T voption * [<InlineIfLambda>] f: ('T -> Async<'U option>) -> Async<'U option> - member AsyncMaybeBuilder.Bind: value: Async<'T option> * [<InlineIfLambda>] f: ('T -> Async<'U option>) -> Async<'U option> - member AsyncMaybeBuilder.Bind: value: Task<'T> * [<InlineIfLambda>] f: ('T -> Async<'U option>) -> Async<'U option> [E:\repos\fsharp\vsintegration\src\FSharp.Editor\FSharp.Editor.fsproj]
E:\repos\fsharp\vsintegration\src\FSharp.Editor\LanguageService\SymbolHelpers.fs(38,13): error FS0041: A unique overload for method 'Bind' could not be determined based on type information prior to this program point. A type annotation may be needed.Known types of arguments: 'a * (string list * string * bool option -> Async<'b option>)Candidates: - member AsyncMaybeBuilder.Bind: value: 'T option * [<InlineIfLambda>] f: ('T -> Async<'U option>) -> Async<'U option> - member AsyncMaybeBuilder.Bind: value: 'T voption * [<InlineIfLambda>] f: ('T -> Async<'U option>) -> Async<'U option> - member AsyncMaybeBuilder.Bind: value: Async<'T option> * [<InlineIfLambda>] f: ('T -> Async<'U option>) -> Async<'U option> - member AsyncMaybeBuilder.Bind: value: Task<'T> * [<InlineIfLambda>] f: ('T -> Async<'U option>) -> Async<'U option> [E:\repos\fsharp\vsintegration\src\FSharp.Editor\FSharp.Editor.fsproj]
E:\repos\fsharp\vsintegration\src\FSharp.Editor\LanguageService\SymbolHelpers.fs(83,13): error FS0039: The value or constructor 'async2' is not defined. Maybe you want one of the following:   async   Async   asyncMaybe   AsyncReturn   AsyncBuilder [E:\repos\fsharp\vsintegration\src\FSharp.Editor\FSharp.Editor.fsproj]
E:\repos\fsharp\vsintegration\src\FSharp.Editor\LanguageService\SymbolHelpers.fs(111,9): error FS0039: The value or constructor 'async2' is not defined. Maybe you want one of the following:   async   Async   asyncMaybe   AsyncReturn   AsyncBuilder [E:\repos\fsharp\vsintegration\src\FSharp.Editor\FSharp.Editor.fsproj]
E:\repos\fsharp\vsintegration\src\FSharp.Editor\LanguageService\SymbolHelpers.fs(175,9): error FS0039: The value or constructor 'async2' is not defined. Maybe you want one of the following:   async   Async   asyncMaybe   AsyncReturn   AsyncBuilder [E:\repos\fsharp\vsintegration\src\FSharp.Editor\FSharp.Editor.fsproj]
E:\repos\fsharp\vsintegration\src\FSharp.Editor\LanguageService\SymbolHelpers.fs(187,9): error FS0039: The value or constructor 'async2' is not defined. Maybe you want one of the following:   async   Async   asyncMaybe   AsyncReturn   AsyncBuilder [E:\repos\fsharp\vsintegration\src\FSharp.Editor\FSharp.Editor.fsproj]
E:\repos\fsharp\vsintegration\src\FSharp.Editor\Classification\ClassificationService.fs(227,32): error FS0041: No overloads match for method 'Source'.Known type of argument: Internal.Utilities.Library.Async2<SemanticClassificationLookup voption>Available overloads: - member CancellableTaskBuilderBase.Source: [<InlineIfLambda>] getAwaiter: (CancellationToken -> ^Awaiter) -> (CancellationToken -> ^Awaiter) when ^Awaiter :> Runtime.CompilerServices.ICriticalNotifyCompletion and ^Awaiter: (member IsCompleted: bool) and ^Awaiter: (member GetResult: unit -> 'TResult1) // Argument 'getAwaiter' doesn't match - member CancellableTaskBuilderBase.Source: [<InlineIfLambda>] task: (CancellationToken -> ^Awaitable) -> (CancellationToken -> ^Awaiter) when ^Awaitable: (member GetAwaiter: unit -> Awaiter<^Awaiter,'TResult1>) and ^Awaiter :> Runtime.CompilerServices.ICriticalNotifyCompletion and ^Awaiter: (member IsCompleted: bool) and ^Awaiter: (member GetResult: unit -> 'TResult1) // Argument 'task' doesn't match - member CancellableTaskBuilderBase.Source: [<InlineIfLambda>] task: (unit -> Tasks.Task<'TResult1>) -> (CancellationToken -> Runtime.CompilerServices.TaskAwaiter<'TResult1>) // Argument 'task' doesn't match - member CancellableTaskBuilderBase.Source: [<InlineIfLambda>] task: (unit -> ^Awaitable) -> (CancellationToken -> ^Awaiter) when ^Awaitable: (member GetAwaiter: unit -> Awaiter<^Awaiter,'TResult1>) and ^Awaiter :> Runtime.CompilerServices.ICriticalNotifyCompletion and ^Awaiter: (member IsCompleted: bool) and ^Awaiter: (member GetResult: unit -> 'TResult1) // Argument 'task' doesn't match - member CancellableTaskBuilderBase.Source: [<InlineIfLambda>] task: CancellableTask<'TResult1> -> (CancellationToken -> Runtime.CompilerServices.TaskAwaiter<'TResult1>) // Argument 'task' doesn't match - member CancellableTaskBuilderBase.Source: awaiter: CancellableTask<unit array> -> (CancellationToken -> Runtime.CompilerServices.TaskAwaiter) // Argument 'awaiter' doesn't match - member CancellableTaskBuilderBase.Source: awaiter: Runtime.CompilerServices.TaskAwaiter<'TResult1> -> Runtime.CompilerServices.TaskAwaiter<'TResult1> // Argument 'awaiter' doesn't match - member CancellableTaskBuilderBase.Source: computation: Async<'TResult1> -> (CancellationToken -> Runtime.CompilerServices.TaskAwaiter<'TResult1>) // Argument 'computation' doesn't match - member CancellableTaskBuilderBase.Source: getAwaiter: ^Awaiter -> ^Awaiter when ^Awaiter :> Runtime.CompilerServices.ICriticalNotifyCompletion and ^Awaiter: (member IsCompleted: bool) and ^Awaiter: (member GetResult: unit -> 'TResult1) // Argument 'getAwaiter' doesn't match - member CancellableTaskBuilderBase.Source: s: 'a -> 'a when 'a :> 'b seq // Argument 's' doesn't match - member CancellableTaskBuilderBase.Source: task: Tasks.Task<'T> -> (CancellationToken -> Runtime.CompilerServices.TaskAwaiter<'T>) // Argument 'task' doesn't match - member CancellableTaskBuilderBase.Source: task: ^Awaitable -> ^Awaiter when ^Awaitable: (member GetAwaiter: unit -> Awaiter<^Awaiter,'TResult1>) and ^Awaiter :> Runtime.CompilerServices.ICriticalNotifyCompletion and ^Awaiter: (member IsCompleted: bool) and ^Awaiter: (member GetResult: unit -> 'TResult1) // Argument 'task' doesn't match [E:\repos\fsharp\vsintegration\src\FSharp.Editor\FSharp.Editor.fsproj]
E:\repos\fsharp\vsintegration\src\FSharp.Editor\Classification\ClassificationService.fs(255,55): error FS0041: No overloads match for method 'Source'.Known type of argument: Internal.Utilities.Library.Async2<SemanticClassificationView>Available overloads: - member CancellableTaskBuilderBase.Source: [<InlineIfLambda>] getAwaiter: (CancellationToken -> ^Awaiter) -> (CancellationToken -> ^Awaiter) when ^Awaiter :> Runtime.CompilerServices.ICriticalNotifyCompletion and ^Awaiter: (member IsCompleted: bool) and ^Awaiter: (member GetResult: unit -> 'TResult1) // Argument 'getAwaiter' doesn't match - member CancellableTaskBuilderBase.Source: [<InlineIfLambda>] task: (CancellationToken -> ^Awaitable) -> (CancellationToken -> ^Awaiter) when ^Awaitable: (member GetAwaiter: unit -> Awaiter<^Awaiter,'TResult1>) and ^Awaiter :> Runtime.CompilerServices.ICriticalNotifyCompletion and ^Awaiter: (member IsCompleted: bool) and ^Awaiter: (member GetResult: unit -> 'TResult1) // Argument 'task' doesn't match - member CancellableTaskBuilderBase.Source: [<InlineIfLambda>] task: (unit -> Tasks.Task<'TResult1>) -> (CancellationToken -> Runtime.CompilerServices.TaskAwaiter<'TResult1>) // Argument 'task' doesn't match - member CancellableTaskBuilderBase.Source: [<InlineIfLambda>] task: (unit -> ^Awaitable) -> (CancellationToken -> ^Awaiter) when ^Awaitable: (member GetAwaiter: unit -> Awaiter<^Awaiter,'TResult1>) and ^Awaiter :> Runtime.CompilerServices.ICriticalNotifyCompletion and ^Awaiter: (member IsCompleted: bool) and ^Awaiter: (member GetResult: unit -> 'TResult1) // Argument 'task' doesn't match - member CancellableTaskBuilderBase.Source: [<InlineIfLambda>] task: CancellableTask<'TResult1> -> (CancellationToken -> Runtime.CompilerServices.TaskAwaiter<'TResult1>) // Argument 'task' doesn't match - member CancellableTaskBuilderBase.Source: awaiter: CancellableTask<unit array> -> (CancellationToken -> Runtime.CompilerServices.TaskAwaiter) // Argument 'awaiter' doesn't match - member CancellableTaskBuilderBase.Source: awaiter: Runtime.CompilerServices.TaskAwaiter<'TResult1> -> Runtime.CompilerServices.TaskAwaiter<'TResult1> // Argument 'awaiter' doesn't match - member CancellableTaskBuilderBase.Source: computation: Async<'TResult1> -> (CancellationToken -> Runtime.CompilerServices.TaskAwaiter<'TResult1>) // Argument 'computation' doesn't match - member CancellableTaskBuilderBase.Source: getAwaiter: ^Awaiter -> ^Awaiter when ^Awaiter :> Runtime.CompilerServices.ICriticalNotifyCompletion and ^Awaiter: (member IsCompleted: bool) and ^Awaiter: (member GetResult: unit -> 'TResult1) // Argument 'getAwaiter' doesn't match - member CancellableTaskBuilderBase.Source: s: 'a -> 'a when 'a :> 'b seq // Argument 's' doesn't match - member CancellableTaskBuilderBase.Source: task: Tasks.Task<'T> -> (CancellationToken -> Runtime.CompilerServices.TaskAwaiter<'T>) // Argument 'task' doesn't match - member CancellableTaskBuilderBase.Source: task: ^Awaitable -> ^Awaiter when ^Awaitable: (member GetAwaiter: unit -> Awaiter<^Awaiter,'TResult1>) and ^Awaiter :> Runtime.CompilerServices.ICriticalNotifyCompletion and ^Awaiter: (member IsCompleted: bool) and ^Awaiter: (member GetResult: unit -> 'TResult1) // Argument 'task' doesn't match [E:\repos\fsharp\vsintegration\src\FSharp.Editor\FSharp.Editor.fsproj]
E:\repos\fsharp\vsintegration\src\FSharp.Editor\Classification\ClassificationService.fs(258,33): error FS0041: No overloads match for method 'Source'.Known type of argument: Internal.Utilities.Library.Async2<unit>Available overloads: - member CancellableTaskBuilderBase.Source: [<InlineIfLambda>] getAwaiter: (CancellationToken -> ^Awaiter) -> (CancellationToken -> ^Awaiter) when ^Awaiter :> Runtime.CompilerServices.ICriticalNotifyCompletion and ^Awaiter: (member IsCompleted: bool) and ^Awaiter: (member GetResult: unit -> 'TResult1) // Argument 'getAwaiter' doesn't match - member CancellableTaskBuilderBase.Source: [<InlineIfLambda>] task: (CancellationToken -> ^Awaitable) -> (CancellationToken -> ^Awaiter) when ^Awaitable: (member GetAwaiter: unit -> Awaiter<^Awaiter,'TResult1>) and ^Awaiter :> Runtime.CompilerServices.ICriticalNotifyCompletion and ^Awaiter: (member IsCompleted: bool) and ^Awaiter: (member GetResult: unit -> 'TResult1) // Argument 'task' doesn't match - member CancellableTaskBuilderBase.Source: [<InlineIfLambda>] task: (unit -> Tasks.Task<'TResult1>) -> (CancellationToken -> Runtime.CompilerServices.TaskAwaiter<'TResult1>) // Argument 'task' doesn't match - member CancellableTaskBuilderBase.Source: [<InlineIfLambda>] task: (unit -> ^Awaitable) -> (CancellationToken -> ^Awaiter) when ^Awaitable: (member GetAwaiter: unit -> Awaiter<^Awaiter,'TResult1>) and ^Awaiter :> Runtime.CompilerServices.ICriticalNotifyCompletion and ^Awaiter: (member IsCompleted: bool) and ^Awaiter: (member GetResult: unit -> 'TResult1) // Argument 'task' doesn't match - member CancellableTaskBuilderBase.Source: [<InlineIfLambda>] task: CancellableTask<'TResult1> -> (CancellationToken -> Runtime.CompilerServices.TaskAwaiter<'TResult1>) // Argument 'task' doesn't match - member CancellableTaskBuilderBase.Source: awaiter: CancellableTask<unit array> -> (CancellationToken -> Runtime.CompilerServices.TaskAwaiter) // Argument 'awaiter' doesn't match - member CancellableTaskBuilderBase.Source: awaiter: Runtime.CompilerServices.TaskAwaiter<'TResult1> -> Runtime.CompilerServices.TaskAwaiter<'TResult1> // Argument 'awaiter' doesn't match - member CancellableTaskBuilderBase.Source: computation: Async<'TResult1> -> (CancellationToken -> Runtime.CompilerServices.TaskAwaiter<'TResult1>) // Argument 'computation' doesn't match - member CancellableTaskBuilderBase.Source: getAwaiter: ^Awaiter -> ^Awaiter when ^Awaiter :> Runtime.CompilerServices.ICriticalNotifyCompletion and ^Awaiter: (member IsCompleted: bool) and ^Awaiter: (member GetResult: unit -> 'TResult1) // Argument 'getAwaiter' doesn't match - member CancellableTaskBuilderBase.Source: s: 'a -> 'a when 'a :> 'b seq // Argument 's' doesn't match - member CancellableTaskBuilderBase.Source: task: Tasks.Task<'T> -> (CancellationToken -> Runtime.CompilerServices.TaskAwaiter<'T>) // Argument 'task' doesn't match - member CancellableTaskBuilderBase.Source: task: ^Awaitable -> ^Awaiter when ^Awaitable: (member GetAwaiter: unit -> Awaiter<^Awaiter,'TResult1>) and ^Awaiter :> Runtime.CompilerServices.ICriticalNotifyCompletion and ^Awaiter: (member IsCompleted: bool) and ^Awaiter: (member GetResult: unit -> 'TResult1) // Argument 'task' doesn't match [E:\repos\fsharp\vsintegration\src\FSharp.Editor\FSharp.Editor.fsproj]
E:\repos\fsharp\vsintegration\src\FSharp.Editor\Classification\ClassificationService.fs(259,29): error FS0041: A unique overload for method 'Bind' could not be determined based on type information prior to this program point. A type annotation may be needed.Known types of arguments: 'a * (unit -> CancellableTaskCode<'b,unit>)Candidates: - member CancellableTaskBuilderBase.Bind<'TResult1,'TResult2,^Awaiter,'TOverall when ^Awaiter :> Runtime.CompilerServices.ICriticalNotifyCompletion and ^Awaiter: (member IsCompleted: bool) and ^Awaiter: (member GetResult: unit -> 'TResult1)> : [<InlineIfLambda>] getAwaiter: (CancellationToken -> ^Awaiter) * [<InlineIfLambda>] continuation: ('TResult1 -> CancellableTaskCode<'TOverall,'TResult2>) -> CancellableTaskCode<'TOverall,'TResult2> when ^Awaiter :> Runtime.CompilerServices.ICriticalNotifyCompletion and ^Awaiter: (member IsCompleted: bool) and ^Awaiter: (member GetResult: unit -> 'TResult1) - member CancellableTaskBuilderBase.Bind<'TResult1,'TResult2,^Awaiter,'TOverall when ^Awaiter :> Runtime.CompilerServices.ICriticalNotifyCompletion and ^Awaiter: (member IsCompleted: bool) and ^Awaiter: (member GetResult: unit -> 'TResult1)> : getAwaiter: ^Awaiter * [<InlineIfLambda>] continuation: ('TResult1 -> CancellableTaskCode<'TOverall,'TResult2>) -> CancellableTaskCode<'TOverall,'TResult2> when ^Awaiter :> Runtime.CompilerServices.ICriticalNotifyCompletion and ^Awaiter: (member IsCompleted: bool) and ^Awaiter: (member GetResult: unit -> 'TResult1) [E:\repos\fsharp\vsintegration\src\FSharp.Editor\FSharp.Editor.fsproj]
E:\repos\fsharp\vsintegration\src\FSharp.Editor\Classification\ClassificationService.fs(257,29): error FS0041: A unique overload for method 'Bind' could not be determined based on type information prior to this program point. A type annotation may be needed.Known types of arguments: 'a * (SemanticClassificationData -> 'b)Candidates: - member CancellableTaskBuilderBase.Bind<'TResult1,'TResult2,^Awaiter,'TOverall when ^Awaiter :> Runtime.CompilerServices.ICriticalNotifyCompletion and ^Awaiter: (member IsCompleted: bool) and ^Awaiter: (member GetResult: unit -> 'TResult1)> : [<InlineIfLambda>] getAwaiter: (CancellationToken -> ^Awaiter) * [<InlineIfLambda>] continuation: ('TResult1 -> CancellableTaskCode<'TOverall,'TResult2>) -> CancellableTaskCode<'TOverall,'TResult2> when ^Awaiter :> Runtime.CompilerServices.ICriticalNotifyCompletion and ^Awaiter: (member IsCompleted: bool) and ^Awaiter: (member GetResult: unit -> 'TResult1) - member CancellableTaskBuilderBase.Bind<'TResult1,'TResult2,^Awaiter,'TOverall when ^Awaiter :> Runtime.CompilerServices.ICriticalNotifyCompletion and ^Awaiter: (member IsCompleted: bool) and ^Awaiter: (member GetResult: unit -> 'TResult1)> : getAwaiter: ^Awaiter * [<InlineIfLambda>] continuation: ('TResult1 -> CancellableTaskCode<'TOverall,'TResult2>) -> CancellableTaskCode<'TOverall,'TResult2> when ^Awaiter :> Runtime.CompilerServices.ICriticalNotifyCompletion and ^Awaiter: (member IsCompleted: bool) and ^Awaiter: (member GetResult: unit -> 'TResult1) [E:\repos\fsharp\vsintegration\src\FSharp.Editor\FSharp.Editor.fsproj]
E:\repos\fsharp\vsintegration\src\FSharp.Editor\Classification\ClassificationService.fs(227,25): error FS0041: A unique overload for method 'Bind' could not be determined based on type information prior to this program point. A type annotation may be needed.Known types of arguments: 'a * ('b voption -> CompilerServices.ResumableCode<CancellableTaskStateMachineData<'c>,unit>) when 'b :> SemanticClassificationLookupCandidates: - member CancellableTaskBuilderBase.Bind<'TResult1,'TResult2,^Awaiter,'TOverall when ^Awaiter :> Runtime.CompilerServices.ICriticalNotifyCompletion and ^Awaiter: (member IsCompleted: bool) and ^Awaiter: (member GetResult: unit -> 'TResult1)> : [<InlineIfLambda>] getAwaiter: (CancellationToken -> ^Awaiter) * [<InlineIfLambda>] continuation: ('TResult1 -> CancellableTaskCode<'TOverall,'TResult2>) -> CancellableTaskCode<'TOverall,'TResult2> when ^Awaiter :> Runtime.CompilerServices.ICriticalNotifyCompletion and ^Awaiter: (member IsCompleted: bool) and ^Awaiter: (member GetResult: unit -> 'TResult1) - member CancellableTaskBuilderBase.Bind<'TResult1,'TResult2,^Awaiter,'TOverall when ^Awaiter :> Runtime.CompilerServices.ICriticalNotifyCompletion and ^Awaiter: (member IsCompleted: bool) and ^Awaiter: (member GetResult: unit -> 'TResult1)> : getAwaiter: ^Awaiter * [<InlineIfLambda>] continuation: ('TResult1 -> CancellableTaskCode<'TOverall,'TResult2>) -> CancellableTaskCode<'TOverall,'TResult2> when ^Awaiter :> Runtime.CompilerServices.ICriticalNotifyCompletion and ^Awaiter: (member IsCompleted: bool) and ^Awaiter: (member GetResult: unit -> 'TResult1) [E:\repos\fsharp\vsintegration\src\FSharp.Editor\FSharp.Editor.fsproj]
E:\repos\fsharp\vsintegration\src\FSharp.Editor\Classification\ClassificationService.fs(262,32): error FS0041: No overloads match for method 'Source'.Known type of argument: Internal.Utilities.Library.Async2<SemanticClassificationLookup voption>Available overloads: - member CancellableTaskBuilderBase.Source: [<InlineIfLambda>] getAwaiter: (CancellationToken -> ^Awaiter) -> (CancellationToken -> ^Awaiter) when ^Awaiter :> Runtime.CompilerServices.ICriticalNotifyCompletion and ^Awaiter: (member IsCompleted: bool) and ^Awaiter: (member GetResult: unit -> 'TResult1) // Argument 'getAwaiter' doesn't match - member CancellableTaskBuilderBase.Source: [<InlineIfLambda>] task: (CancellationToken -> ^Awaitable) -> (CancellationToken -> ^Awaiter) when ^Awaitable: (member GetAwaiter: unit -> Awaiter<^Awaiter,'TResult1>) and ^Awaiter :> Runtime.CompilerServices.ICriticalNotifyCompletion and ^Awaiter: (member IsCompleted: bool) and ^Awaiter: (member GetResult: unit -> 'TResult1) // Argument 'task' doesn't match - member CancellableTaskBuilderBase.Source: [<InlineIfLambda>] task: (unit -> Tasks.Task<'TResult1>) -> (CancellationToken -> Runtime.CompilerServices.TaskAwaiter<'TResult1>) // Argument 'task' doesn't match - member CancellableTaskBuilderBase.Source: [<InlineIfLambda>] task: (unit -> ^Awaitable) -> (CancellationToken -> ^Awaiter) when ^Awaitable: (member GetAwaiter: unit -> Awaiter<^Awaiter,'TResult1>) and ^Awaiter :> Runtime.CompilerServices.ICriticalNotifyCompletion and ^Awaiter: (member IsCompleted: bool) and ^Awaiter: (member GetResult: unit -> 'TResult1) // Argument 'task' doesn't match - member CancellableTaskBuilderBase.Source: [<InlineIfLambda>] task: CancellableTask<'TResult1> -> (CancellationToken -> Runtime.CompilerServices.TaskAwaiter<'TResult1>) // Argument 'task' doesn't match - member CancellableTaskBuilderBase.Source: awaiter: CancellableTask<unit array> -> (CancellationToken -> Runtime.CompilerServices.TaskAwaiter) // Argument 'awaiter' doesn't match - member CancellableTaskBuilderBase.Source: awaiter: Runtime.CompilerServices.TaskAwaiter<'TResult1> -> Runtime.CompilerServices.TaskAwaiter<'TResult1> // Argument 'awaiter' doesn't match - member CancellableTaskBuilderBase.Source: computation: Async<'TResult1> -> (CancellationToken -> Runtime.CompilerServices.TaskAwaiter<'TResult1>) // Argument 'computation' doesn't match - member CancellableTaskBuilderBase.Source: getAwaiter: ^Awaiter -> ^Awaiter when ^Awaiter :> Runtime.CompilerServices.ICriticalNotifyCompletion and ^Awaiter: (member IsCompleted: bool) and ^Awaiter: (member GetResult: unit -> 'TResult1) // Argument 'getAwaiter' doesn't match - member CancellableTaskBuilderBase.Source: s: 'a -> 'a when 'a :> 'b seq // Argument 's' doesn't match - member CancellableTaskBuilderBase.Source: task: Tasks.Task<'T> -> (CancellationToken -> Runtime.CompilerServices.TaskAwaiter<'T>) // Argument 'task' doesn't match - member CancellableTaskBuilderBase.Source: task: ^Awaitable -> ^Awaiter when ^Awaitable: (member GetAwaiter: unit -> Awaiter<^Awaiter,'TResult1>) and ^Awaiter :> Runtime.CompilerServices.ICriticalNotifyCompletion and ^Awaiter: (member IsCompleted: bool) and ^Awaiter: (member GetResult: unit -> 'TResult1) // Argument 'task' doesn't match [E:\repos\fsharp\vsintegration\src\FSharp.Editor\FSharp.Editor.fsproj]
E:\repos\fsharp\vsintegration\src\FSharp.Editor\Classification\ClassificationService.fs(291,52): error FS0041: No overloads match for method 'Source'.Known type of argument: Internal.Utilities.Library.Async2<FSharp.Compiler.CodeAnalysis.FSharpParseFileResults * FSharp.Compiler.CodeAnalysis.FSharpCheckFileResults>Available overloads: - member CancellableTaskBuilderBase.Source: [<InlineIfLambda>] getAwaiter: (CancellationToken -> ^Awaiter) -> (CancellationToken -> ^Awaiter) when ^Awaiter :> Runtime.CompilerServices.ICriticalNotifyCompletion and ^Awaiter: (member IsCompleted: bool) and ^Awaiter: (member GetResult: unit -> 'TResult1) // Argument 'getAwaiter' doesn't match - member CancellableTaskBuilderBase.Source: [<InlineIfLambda>] task: (CancellationToken -> ^Awaitable) -> (CancellationToken -> ^Awaiter) when ^Awaitable: (member GetAwaiter: unit -> Awaiter<^Awaiter,'TResult1>) and ^Awaiter :> Runtime.CompilerServices.ICriticalNotifyCompletion and ^Awaiter: (member IsCompleted: bool) and ^Awaiter: (member GetResult: unit -> 'TResult1) // Argument 'task' doesn't match - member CancellableTaskBuilderBase.Source: [<InlineIfLambda>] task: (unit -> Tasks.Task<'TResult1>) -> (CancellationToken -> Runtime.CompilerServices.TaskAwaiter<'TResult1>) // Argument 'task' doesn't match - member CancellableTaskBuilderBase.Source: [<InlineIfLambda>] task: (unit -> ^Awaitable) -> (CancellationToken -> ^Awaiter) when ^Awaitable: (member GetAwaiter: unit -> Awaiter<^Awaiter,'TResult1>) and ^Awaiter :> Runtime.CompilerServices.ICriticalNotifyCompletion and ^Awaiter: (member IsCompleted: bool) and ^Awaiter: (member GetResult: unit -> 'TResult1) // Argument 'task' doesn't match - member CancellableTaskBuilderBase.Source: [<InlineIfLambda>] task: CancellableTask<'TResult1> -> (CancellationToken -> Runtime.CompilerServices.TaskAwaiter<'TResult1>) // Argument 'task' doesn't match - member CancellableTaskBuilderBase.Source: awaiter: CancellableTask<unit array> -> (CancellationToken -> Runtime.CompilerServices.TaskAwaiter) // Argument 'awaiter' doesn't match - member CancellableTaskBuilderBase.Source: awaiter: Runtime.CompilerServices.TaskAwaiter<'TResult1> -> Runtime.CompilerServices.TaskAwaiter<'TResult1> // Argument 'awaiter' doesn't match - member CancellableTaskBuilderBase.Source: computation: Async<'TResult1> -> (CancellationToken -> Runtime.CompilerServices.TaskAwaiter<'TResult1>) // Argument 'computation' doesn't match - member CancellableTaskBuilderBase.Source: getAwaiter: ^Awaiter -> ^Awaiter when ^Awaiter :> Runtime.CompilerServices.ICriticalNotifyCompletion and ^Awaiter: (member IsCompleted: bool) and ^Awaiter: (member GetResult: unit -> 'TResult1) // Argument 'getAwaiter' doesn't match - member CancellableTaskBuilderBase.Source: s: 'a -> 'a when 'a :> 'b seq // Argument 's' doesn't match - member CancellableTaskBuilderBase.Source: task: Tasks.Task<'T> -> (CancellationToken -> Runtime.CompilerServices.TaskAwaiter<'T>) // Argument 'task' doesn't match - member CancellableTaskBuilderBase.Source: task: ^Awaitable -> ^Awaiter when ^Awaitable: (member GetAwaiter: unit -> Awaiter<^Awaiter,'TResult1>) and ^Awaiter :> Runtime.CompilerServices.ICriticalNotifyCompletion and ^Awaiter: (member IsCompleted: bool) and ^Awaiter: (member GetResult: unit -> 'TResult1) // Argument 'task' doesn't match [E:\repos\fsharp\vsintegration\src\FSharp.Editor\FSharp.Editor.fsproj]
E:\repos\fsharp\vsintegration\src\FSharp.Editor\Classification\ClassificationService.fs(296,54): error FS0072: Lookup on object of indeterminate type based on information prior to this program point. A type annotation may be needed prior to this program point to constrain the type of the object. This may allow the lookup to be resolved. [E:\repos\fsharp\vsintegration\src\FSharp.Editor\FSharp.Editor.fsproj]
E:\repos\fsharp\vsintegration\src\FSharp.Editor\Classification\ClassificationService.fs(298,32): error FS0072: Lookup on object of indeterminate type based on information prior to this program point. A type annotation may be needed prior to this program point to constrain the type of the object. This may allow the lookup to be resolved. [E:\repos\fsharp\vsintegration\src\FSharp.Editor\FSharp.Editor.fsproj]
E:\repos\fsharp\vsintegration\src\FSharp.Editor\Classification\ClassificationService.fs(300,37): error FS0041: No overloads match for method 'Source'.Known type of argument: Internal.Utilities.Library.Async2<unit>Available overloads: - member CancellableTaskBuilderBase.Source: [<InlineIfLambda>] getAwaiter: (CancellationToken -> ^Awaiter) -> (CancellationToken -> ^Awaiter) when ^Awaiter :> Runtime.CompilerServices.ICriticalNotifyCompletion and ^Awaiter: (member IsCompleted: bool) and ^Awaiter: (member GetResult: unit -> 'TResult1) // Argument 'getAwaiter' doesn't match - member CancellableTaskBuilderBase.Source: [<InlineIfLambda>] task: (CancellationToken -> ^Awaitable) -> (CancellationToken -> ^Awaiter) when ^Awaitable: (member GetAwaiter: unit -> Awaiter<^Awaiter,'TResult1>) and ^Awaiter :> Runtime.CompilerServices.ICriticalNotifyCompletion and ^Awaiter: (member IsCompleted: bool) and ^Awaiter: (member GetResult: unit -> 'TResult1) // Argument 'task' doesn't match - member CancellableTaskBuilderBase.Source: [<InlineIfLambda>] task: (unit -> Tasks.Task<'TResult1>) -> (CancellationToken -> Runtime.CompilerServices.TaskAwaiter<'TResult1>) // Argument 'task' doesn't match - member CancellableTaskBuilderBase.Source: [<InlineIfLambda>] task: (unit -> ^Awaitable) -> (CancellationToken -> ^Awaiter) when ^Awaitable: (member GetAwaiter: unit -> Awaiter<^Awaiter,'TResult1>) and ^Awaiter :> Runtime.CompilerServices.ICriticalNotifyCompletion and ^Awaiter: (member IsCompleted: bool) and ^Awaiter: (member GetResult: unit -> 'TResult1) // Argument 'task' doesn't match - member CancellableTaskBuilderBase.Source: [<InlineIfLambda>] task: CancellableTask<'TResult1> -> (CancellationToken -> Runtime.CompilerServices.TaskAwaiter<'TResult1>) // Argument 'task' doesn't match - member CancellableTaskBuilderBase.Source: awaiter: CancellableTask<unit array> -> (CancellationToken -> Runtime.CompilerServices.TaskAwaiter) // Argument 'awaiter' doesn't match - member CancellableTaskBuilderBase.Source: awaiter: Runtime.CompilerServices.TaskAwaiter<'TResult1> -> Runtime.CompilerServices.TaskAwaiter<'TResult1> // Argument 'awaiter' doesn't match - member CancellableTaskBuilderBase.Source: computation: Async<'TResult1> -> (CancellationToken -> Runtime.CompilerServices.TaskAwaiter<'TResult1>) // Argument 'computation' doesn't match - member CancellableTaskBuilderBase.Source: getAwaiter: ^Awaiter -> ^Awaiter when ^Awaiter :> Runtime.CompilerServices.ICriticalNotifyCompletion and ^Awaiter: (member IsCompleted: bool) and ^Awaiter: (member GetResult: unit -> 'TResult1) // Argument 'getAwaiter' doesn't match - member CancellableTaskBuilderBase.Source: s: 'a -> 'a when 'a :> 'b seq // Argument 's' doesn't match - member CancellableTaskBuilderBase.Source: task: Tasks.Task<'T> -> (CancellationToken -> Runtime.CompilerServices.TaskAwaiter<'T>) // Argument 'task' doesn't match - member CancellableTaskBuilderBase.Source: task: ^Awaitable -> ^Awaiter when ^Awaitable: (member GetAwaiter: unit -> Awaiter<^Awaiter,'TResult1>) and ^Awaiter :> Runtime.CompilerServices.ICriticalNotifyCompletion and ^Awaiter: (member IsCompleted: bool) and ^Awaiter: (member GetResult: unit -> 'TResult1) // Argument 'task' doesn't match [E:\repos\fsharp\vsintegration\src\FSharp.Editor\FSharp.Editor.fsproj]
E:\repos\fsharp\vsintegration\src\FSharp.Editor\Classification\ClassificationService.fs(302,33): error FS0041: A unique overload for method 'Bind' could not be determined based on type information prior to this program point. A type annotation may be needed.Known types of arguments: 'a * (unit -> CancellableTaskCode<'b,unit>)Candidates: - member CancellableTaskBuilderBase.Bind<'TResult1,'TResult2,^Awaiter,'TOverall when ^Awaiter :> Runtime.CompilerServices.ICriticalNotifyCompletion and ^Awaiter: (member IsCompleted: bool) and ^Awaiter: (member GetResult: unit -> 'TResult1)> : [<InlineIfLambda>] getAwaiter: (CancellationToken -> ^Awaiter) * [<InlineIfLambda>] continuation: ('TResult1 -> CancellableTaskCode<'TOverall,'TResult2>) -> CancellableTaskCode<'TOverall,'TResult2> when ^Awaiter :> Runtime.CompilerServices.ICriticalNotifyCompletion and ^Awaiter: (member IsCompleted: bool) and ^Awaiter: (member GetResult: unit -> 'TResult1) - member CancellableTaskBuilderBase.Bind<'TResult1,'TResult2,^Awaiter,'TOverall when ^Awaiter :> Runtime.CompilerServices.ICriticalNotifyCompletion and ^Awaiter: (member IsCompleted: bool) and ^Awaiter: (member GetResult: unit -> 'TResult1)> : getAwaiter: ^Awaiter * [<InlineIfLambda>] continuation: ('TResult1 -> CancellableTaskCode<'TOverall,'TResult2>) -> CancellableTaskCode<'TOverall,'TResult2> when ^Awaiter :> Runtime.CompilerServices.ICriticalNotifyCompletion and ^Awaiter: (member IsCompleted: bool) and ^Awaiter: (member GetResult: unit -> 'TResult1) [E:\repos\fsharp\vsintegration\src\FSharp.Editor\FSharp.Editor.fsproj]
E:\repos\fsharp\vsintegration\src\FSharp.Editor\Classification\ClassificationService.fs(293,29): error FS0041: A unique overload for method 'Bind' could not be determined based on type information prior to this program point. A type annotation may be needed.Known types of arguments: 'a * ('b * 'c -> CancellableTaskCode<'d,unit>)Candidates: - member CancellableTaskBuilderBase.Bind<'TResult1,'TResult2,^Awaiter,'TOverall when ^Awaiter :> Runtime.CompilerServices.ICriticalNotifyCompletion and ^Awaiter: (member IsCompleted: bool) and ^Awaiter: (member GetResult: unit -> 'TResult1)> : [<InlineIfLambda>] getAwaiter: (CancellationToken -> ^Awaiter) * [<InlineIfLambda>] continuation: ('TResult1 -> CancellableTaskCode<'TOverall,'TResult2>) -> CancellableTaskCode<'TOverall,'TResult2> when ^Awaiter :> Runtime.CompilerServices.ICriticalNotifyCompletion and ^Awaiter: (member IsCompleted: bool) and ^Awaiter: (member GetResult: unit -> 'TResult1) - member CancellableTaskBuilderBase.Bind<'TResult1,'TResult2,^Awaiter,'TOverall when ^Awaiter :> Runtime.CompilerServices.ICriticalNotifyCompletion and ^Awaiter: (member IsCompleted: bool) and ^Awaiter: (member GetResult: unit -> 'TResult1)> : getAwaiter: ^Awaiter * [<InlineIfLambda>] continuation: ('TResult1 -> CancellableTaskCode<'TOverall,'TResult2>) -> CancellableTaskCode<'TOverall,'TResult2> when ^Awaiter :> Runtime.CompilerServices.ICriticalNotifyCompletion and ^Awaiter: (member IsCompleted: bool) and ^Awaiter: (member GetResult: unit -> 'TResult1) [E:\repos\fsharp\vsintegration\src\FSharp.Editor\FSharp.Editor.fsproj]
E:\repos\fsharp\vsintegration\src\FSharp.Editor\Classification\ClassificationService.fs(262,25): error FS0041: A unique overload for method 'Bind' could not be determined based on type information prior to this program point. A type annotation may be needed.Known types of arguments: 'a * ('b voption -> CompilerServices.ResumableCode<CancellableTaskStateMachineData<'c>,unit>) when 'b :> SemanticClassificationLookupCandidates: - member CancellableTaskBuilderBase.Bind<'TResult1,'TResult2,^Awaiter,'TOverall when ^Awaiter :> Runtime.CompilerServices.ICriticalNotifyCompletion and ^Awaiter: (member IsCompleted: bool) and ^Awaiter: (member GetResult: unit -> 'TResult1)> : [<InlineIfLambda>] getAwaiter: (CancellationToken -> ^Awaiter) * [<InlineIfLambda>] continuation: ('TResult1 -> CancellableTaskCode<'TOverall,'TResult2>) -> CancellableTaskCode<'TOverall,'TResult2> when ^Awaiter :> Runtime.CompilerServices.ICriticalNotifyCompletion and ^Awaiter: (member IsCompleted: bool) and ^Awaiter: (member GetResult: unit -> 'TResult1) - member CancellableTaskBuilderBase.Bind<'TResult1,'TResult2,^Awaiter,'TOverall when ^Awaiter :> Runtime.CompilerServices.ICriticalNotifyCompletion and ^Awaiter: (member IsCompleted: bool) and ^Awaiter: (member GetResult: unit -> 'TResult1)> : getAwaiter: ^Awaiter * [<InlineIfLambda>] continuation: ('TResult1 -> CancellableTaskCode<'TOverall,'TResult2>) -> CancellableTaskCode<'TOverall,'TResult2> when ^Awaiter :> Runtime.CompilerServices.ICriticalNotifyCompletion and ^Awaiter: (member IsCompleted: bool) and ^Awaiter: (member GetResult: unit -> 'TResult1) [E:\repos\fsharp\vsintegration\src\FSharp.Editor\FSharp.Editor.fsproj]
E:\repos\fsharp\vsintegration\src\FSharp.Editor\Formatting\BraceMatchingService.fs(49,24): error FS0001: Type mismatch. Expecting a    'Internal.Utilities.Library.Async2<FSharpChecker * FSharpProjectOptionsManager * FSharpParsingOptions * FSharpProjectOptions> -> 'a'    but given a    'CancellableTask<'b> -> System.Threading.Tasks.Task<'b>'    The type 'CancellableTask<'a>' does not match the type 'Internal.Utilities.Library.Async2<FSharpChecker * FSharpProjectOptionsManager * FSharpParsingOptions * FSharpProjectOptions>' [E:\repos\fsharp\vsintegration\src\FSharp.Editor\FSharp.Editor.fsproj]
E:\repos\fsharp\vsintegration\src\FSharp.Editor\Formatting\BraceMatchingService.fs(49,24): error FS0001: Type mismatch. Expecting a    'Internal.Utilities.Library.Async2<FSharpChecker * FSharpProjectOptionsManager * FSharpParsingOptions * FSharpProjectOptions> -> 'a'    but given a    'CancellableTask<'b> -> System.Threading.Tasks.Task<'b>'    The type 'CancellableTask<'a>' does not match the type 'Internal.Utilities.Library.Async2<FSharpChecker * FSharpProjectOptionsManager * FSharpParsingOptions * FSharpProjectOptions>' [E:\repos\fsharp\vsintegration\src\FSharp.Editor\FSharp.Editor.fsproj]
E:\repos\fsharp\vsintegration\src\FSharp.Editor\Debugging\BreakpointResolutionService.fs(25,9): error FS0039: The value or constructor 'async2' is not defined. Maybe you want one of the following:   async   Async   AsyncLocal   asyncMaybe   AsyncLocal [E:\repos\fsharp\vsintegration\src\FSharp.Editor\FSharp.Editor.fsproj]
E:\repos\fsharp\vsintegration\src\FSharp.Editor\Debugging\BreakpointResolutionService.fs(53,13): error FS0039: The value or constructor 'async2' is not defined. Maybe you want one of the following:   async   Async   AsyncLocal   asyncMaybe   AsyncLocal [E:\repos\fsharp\vsintegration\src\FSharp.Editor\FSharp.Editor.fsproj]
E:\repos\fsharp\vsintegration\src\FSharp.Editor\Debugging\LanguageDebugInfoService.fs(55,13): error FS0039: The value or constructor 'async2' is not defined. Maybe you want one of the following:   async   Async   AsyncLocal   asyncMaybe   AsyncLocal [E:\repos\fsharp\vsintegration\src\FSharp.Editor\FSharp.Editor.fsproj]
E:\repos\fsharp\vsintegration\src\FSharp.Editor\Diagnostics\UnnecessaryParenthesesDiagnosticAnalyzer.fs(54,9): error FS0039: The value or constructor 'async2' is not defined. Maybe you want one of the following:   async   Async   AsyncLocal   asyncMaybe   AsyncLocal [E:\repos\fsharp\vsintegration\src\FSharp.Editor\FSharp.Editor.fsproj]
E:\repos\fsharp\vsintegration\src\FSharp.Editor\Diagnostics\DocumentDiagnosticAnalyzer.fs(58,9): error FS0039: The value or constructor 'async2' is not defined. Maybe you want one of the following:   async   Async   AsyncLocal   asyncMaybe   AsyncLocal [E:\repos\fsharp\vsintegration\src\FSharp.Editor\FSharp.Editor.fsproj]
E:\repos\fsharp\vsintegration\src\FSharp.Editor\Diagnostics\SimplifyNameDiagnosticAnalyzer.fs(61,32): error FS0001: The type 'CancellableTask<'a>' does not match the type 'Internal.Utilities.Library.Async2<FSharp.Compiler.CodeAnalysis.FSharpParseFileResults * FSharp.Compiler.CodeAnalysis.FSharpCheckFileResults>' [E:\repos\fsharp\vsintegration\src\FSharp.Editor\FSharp.Editor.fsproj]
E:\repos\fsharp\vsintegration\src\FSharp.Editor\Diagnostics\SimplifyNameDiagnosticAnalyzer.fs(61,32): error FS0001: The type 'CancellableTask<'a>' does not match the type 'Internal.Utilities.Library.Async2<FSharp.Compiler.CodeAnalysis.FSharpParseFileResults * FSharp.Compiler.CodeAnalysis.FSharpCheckFileResults>' [E:\repos\fsharp\vsintegration\src\FSharp.Editor\FSharp.Editor.fsproj]
E:\repos\fsharp\vsintegration\src\FSharp.Editor\Diagnostics\UnusedDeclarationsAnalyzer.fs(28,17): error FS0039: The value or constructor 'async2' is not defined. Maybe you want one of the following:   async   Async   asyncMaybe   AsyncReturn   AsyncBuilder [E:\repos\fsharp\vsintegration\src\FSharp.Editor\FSharp.Editor.fsproj]
E:\repos\fsharp\vsintegration\src\FSharp.Editor\Diagnostics\UnusedOpensDiagnosticAnalyzer.fs(23,9): error FS0039: The value or constructor 'async2' is not defined. Maybe you want one of the following:   async   Async   AsyncLocal   asyncMaybe   AsyncLocal [E:\repos\fsharp\vsintegration\src\FSharp.Editor\FSharp.Editor.fsproj]
E:\repos\fsharp\vsintegration\src\FSharp.Editor\Diagnostics\UnusedOpensDiagnosticAnalyzer.fs(44,17): error FS0039: The value or constructor 'async2' is not defined. Maybe you want one of the following:   async   Async   AsyncLocal   asyncMaybe   AsyncLocal [E:\repos\fsharp\vsintegration\src\FSharp.Editor\FSharp.Editor.fsproj]
E:\repos\fsharp\vsintegration\src\FSharp.Editor\TaskList\TaskListService.fs(27,20): error FS0001: Type mismatch. Expecting a    'Internal.Utilities.Library.Async2<FSharpChecker * FSharpProjectOptionsManager * FSharpParsingOptions * FSharpProjectOptions> -> 'a'    but given a    'CancellableTask<'b> -> Threading.Tasks.Task<'b>'    The type 'CancellableTask<'a>' does not match the type 'Internal.Utilities.Library.Async2<FSharpChecker * FSharpProjectOptionsManager * FSharpParsingOptions * FSharpProjectOptions>' [E:\repos\fsharp\vsintegration\src\FSharp.Editor\FSharp.Editor.fsproj]
E:\repos\fsharp\vsintegration\src\FSharp.Editor\TaskList\TaskListService.fs(27,20): error FS0001: Type mismatch. Expecting a    'Internal.Utilities.Library.Async2<FSharpChecker * FSharpProjectOptionsManager * FSharpParsingOptions * FSharpProjectOptions> -> 'a'    but given a    'CancellableTask<'b> -> Threading.Tasks.Task<'b>'    The type 'CancellableTask<'a>' does not match the type 'Internal.Utilities.Library.Async2<FSharpChecker * FSharpProjectOptionsManager * FSharpParsingOptions * FSharpProjectOptions>' [E:\repos\fsharp\vsintegration\src\FSharp.Editor\FSharp.Editor.fsproj]
E:\repos\fsharp\vsintegration\src\FSharp.Editor\Completion\CompletionProvider.fs(156,9): error FS0039: The value or constructor 'async2' is not defined. Maybe you want one of the following:   async   Async   AsyncLocal   asyncMaybe   AsyncLocal [E:\repos\fsharp\vsintegration\src\FSharp.Editor\FSharp.Editor.fsproj]
E:\repos\fsharp\vsintegration\src\FSharp.Editor\Completion\CompletionProvider.fs(320,9): error FS0039: The value or constructor 'async2' is not defined. Maybe you want one of the following:   async   Async   AsyncLocal   asyncMaybe   AsyncLocal [E:\repos\fsharp\vsintegration\src\FSharp.Editor\FSharp.Editor.fsproj]
E:\repos\fsharp\vsintegration\src\FSharp.Editor\Completion\CompletionProvider.fs(411,9): error FS0039: The value or constructor 'async2' is not defined. Maybe you want one of the following:   async   Async   AsyncLocal   asyncMaybe   AsyncLocal [E:\repos\fsharp\vsintegration\src\FSharp.Editor\FSharp.Editor.fsproj]
E:\repos\fsharp\vsintegration\src\FSharp.Editor\Completion\SignatureHelp.fs(621,20): error FS0001: Type mismatch. Expecting a    'Internal.Utilities.Library.Async2<FSharpParseFileResults * FSharpCheckFileResults> -> 'a'    but given a    'CancellableTask<'b> -> Tasks.Task<'b>'    The type 'CancellableTask<'a>' does not match the type 'Internal.Utilities.Library.Async2<FSharpParseFileResults * FSharpCheckFileResults>' [E:\repos\fsharp\vsintegration\src\FSharp.Editor\FSharp.Editor.fsproj]
E:\repos\fsharp\vsintegration\src\FSharp.Editor\Completion\SignatureHelp.fs(621,20): error FS0001: Type mismatch. Expecting a    'Internal.Utilities.Library.Async2<FSharpParseFileResults * FSharpCheckFileResults> -> 'a'    but given a    'CancellableTask<'b> -> Tasks.Task<'b>'    The type 'CancellableTask<'a>' does not match the type 'Internal.Utilities.Library.Async2<FSharpParseFileResults * FSharpCheckFileResults>' [E:\repos\fsharp\vsintegration\src\FSharp.Editor\FSharp.Editor.fsproj]
E:\repos\fsharp\vsintegration\src\FSharp.Editor\InlineRename\InlineRenameService.fs(41,9): error FS0039: The value or constructor 'async2' is not defined. Maybe you want one of the following:   async   Async   AsyncLocal   asyncMaybe   AsyncLocal [E:\repos\fsharp\vsintegration\src\FSharp.Editor\FSharp.Editor.fsproj]
E:\repos\fsharp\vsintegration\src\FSharp.Editor\InlineRename\InlineRenameService.fs(59,9): error FS0039: The value or constructor 'async2' is not defined. Maybe you want one of the following:   async   Async   AsyncLocal   asyncMaybe   AsyncLocal [E:\repos\fsharp\vsintegration\src\FSharp.Editor\FSharp.Editor.fsproj]
E:\repos\fsharp\vsintegration\src\FSharp.Editor\InlineRename\InlineRenameService.fs(95,13): error FS0039: The value or constructor 'async2' is not defined. Maybe you want one of the following:   async   Async   AsyncLocal   asyncMaybe   AsyncLocal [E:\repos\fsharp\vsintegration\src\FSharp.Editor\FSharp.Editor.fsproj]
E:\repos\fsharp\vsintegration\src\FSharp.Editor\InlineRename\InlineRenameService.fs(151,9): error FS0039: The value or constructor 'async2' is not defined. Maybe you want one of the following:   async   Async   AsyncLocal   asyncMaybe   AsyncLocal [E:\repos\fsharp\vsintegration\src\FSharp.Editor\FSharp.Editor.fsproj]
E:\repos\fsharp\vsintegration\src\FSharp.Editor\InlineRename\InlineRenameService.fs(188,9): error FS0039: The value or constructor 'async2' is not defined. Maybe you want one of the following:   async   Async   AsyncLocal   asyncMaybe   AsyncLocal [E:\repos\fsharp\vsintegration\src\FSharp.Editor\FSharp.Editor.fsproj]
E:\repos\fsharp\vsintegration\src\FSharp.Editor\DocumentHighlights\DocumentHighlightsService.fs(60,9): error FS0039: The value or constructor 'async2' is not defined. Maybe you want one of the following:   async   Async   asyncMaybe   AsyncReturn   AsyncBuilder [E:\repos\fsharp\vsintegration\src\FSharp.Editor\FSharp.Editor.fsproj]
E:\repos\fsharp\vsintegration\src\FSharp.Editor\DocumentHighlights\DocumentHighlightsService.fs(115,13): error FS0039: The value or constructor 'async2' is not defined. Maybe you want one of the following:   async   Async   asyncMaybe   AsyncReturn   AsyncBuilder [E:\repos\fsharp\vsintegration\src\FSharp.Editor\FSharp.Editor.fsproj]
E:\repos\fsharp\vsintegration\src\FSharp.Editor\Navigation\GoToDefinition.fs(180,9): error FS0039: The value or constructor 'async2' is not defined. Maybe you want one of the following:   async   Async   AsyncLazy   AsyncLocal   AsyncQueue [E:\repos\fsharp\vsintegration\src\FSharp.Editor\FSharp.Editor.fsproj]
E:\repos\fsharp\vsintegration\src\FSharp.Editor\Navigation\GoToDefinition.fs(244,44): error FS0041: No overloads match for method 'Source'.Known type of argument: Internal.Utilities.Library.Async2<FSharpParseFileResults * FSharpCheckFileResults>Available overloads: - member CancellableTaskBuilderBase.Source: [<InlineIfLambda>] getAwaiter: (CancellationToken -> ^Awaiter) -> (CancellationToken -> ^Awaiter) when ^Awaiter :> Runtime.CompilerServices.ICriticalNotifyCompletion and ^Awaiter: (member IsCompleted: bool) and ^Awaiter: (member GetResult: unit -> 'TResult1) // Argument 'getAwaiter' doesn't match - member CancellableTaskBuilderBase.Source: [<InlineIfLambda>] task: (CancellationToken -> ^Awaitable) -> (CancellationToken -> ^Awaiter) when ^Awaitable: (member GetAwaiter: unit -> Awaiter<^Awaiter,'TResult1>) and ^Awaiter :> Runtime.CompilerServices.ICriticalNotifyCompletion and ^Awaiter: (member IsCompleted: bool) and ^Awaiter: (member GetResult: unit -> 'TResult1) // Argument 'task' doesn't match - member CancellableTaskBuilderBase.Source: [<InlineIfLambda>] task: (unit -> Task<'TResult1>) -> (CancellationToken -> Runtime.CompilerServices.TaskAwaiter<'TResult1>) // Argument 'task' doesn't match - member CancellableTaskBuilderBase.Source: [<InlineIfLambda>] task: (unit -> ^Awaitable) -> (CancellationToken -> ^Awaiter) when ^Awaitable: (member GetAwaiter: unit -> Awaiter<^Awaiter,'TResult1>) and ^Awaiter :> Runtime.CompilerServices.ICriticalNotifyCompletion and ^Awaiter: (member IsCompleted: bool) and ^Awaiter: (member GetResult: unit -> 'TResult1) // Argument 'task' doesn't match - member CancellableTaskBuilderBase.Source: [<InlineIfLambda>] task: CancellableTask<'TResult1> -> (CancellationToken -> Runtime.CompilerServices.TaskAwaiter<'TResult1>) // Argument 'task' doesn't match - member CancellableTaskBuilderBase.Source: awaiter: CancellableTask<unit array> -> (CancellationToken -> Runtime.CompilerServices.TaskAwaiter) // Argument 'awaiter' doesn't match - member CancellableTaskBuilderBase.Source: awaiter: Runtime.CompilerServices.TaskAwaiter<'TResult1> -> Runtime.CompilerServices.TaskAwaiter<'TResult1> // Argument 'awaiter' doesn't match - member CancellableTaskBuilderBase.Source: computation: Async<'TResult1> -> (CancellationToken -> Runtime.CompilerServices.TaskAwaiter<'TResult1>) // Argument 'computation' doesn't match - member CancellableTaskBuilderBase.Source: getAwaiter: ^Awaiter -> ^Awaiter when ^Awaiter :> Runtime.CompilerServices.ICriticalNotifyCompletion and ^Awaiter: (member IsCompleted: bool) and ^Awaiter: (member GetResult: unit -> 'TResult1) // Argument 'getAwaiter' doesn't match - member CancellableTaskBuilderBase.Source: s: 'a -> 'a when 'a :> 'b seq // Argument 's' doesn't match - member CancellableTaskBuilderBase.Source: task: Task<'T> -> (CancellationToken -> Runtime.CompilerServices.TaskAwaiter<'T>) // Argument 'task' doesn't match - member CancellableTaskBuilderBase.Source: task: ^Awaitable -> ^Awaiter when ^Awaitable: (member GetAwaiter: unit -> Awaiter<^Awaiter,'TResult1>) and ^Awaiter :> Runtime.CompilerServices.ICriticalNotifyCompletion and ^Awaiter: (member IsCompleted: bool) and ^Awaiter: (member GetResult: unit -> 'TResult1) // Argument 'task' doesn't match [E:\repos\fsharp\vsintegration\src\FSharp.Editor\FSharp.Editor.fsproj]
E:\repos\fsharp\vsintegration\src\FSharp.Editor\Navigation\GoToDefinition.fs(250,39): error FS0072: Lookup on object of indeterminate type based on information prior to this program point. A type annotation may be needed prior to this program point to constrain the type of the object. This may allow the lookup to be resolved. [E:\repos\fsharp\vsintegration\src\FSharp.Editor\FSharp.Editor.fsproj]
E:\repos\fsharp\vsintegration\src\FSharp.Editor\Navigation\GoToDefinition.fs(257,25): error FS0039: The value or constructor 'async2' is not defined. Maybe you want one of the following:   async   Async   AsyncLazy   AsyncLocal   AsyncQueue [E:\repos\fsharp\vsintegration\src\FSharp.Editor\FSharp.Editor.fsproj]
E:\repos\fsharp\vsintegration\src\FSharp.Editor\Navigation\GoToDefinition.fs(257,25): error FS0041: A unique overload for method 'Source' could not be determined based on type information prior to this program point. A type annotation may be needed.Known type of argument: 'aCandidates: - member CancellableTaskBuilderBase.Source: [<InlineIfLambda>] getAwaiter: (CancellationToken -> ^Awaiter) -> (CancellationToken -> ^Awaiter) when ^Awaiter :> Runtime.CompilerServices.ICriticalNotifyCompletion and ^Awaiter: (member IsCompleted: bool) and ^Awaiter: (member GetResult: unit -> 'TResult1) - member CancellableTaskBuilderBase.Source: [<InlineIfLambda>] task: (CancellationToken -> ^Awaitable) -> (CancellationToken -> ^Awaiter) when ^Awaitable: (member GetAwaiter: unit -> Awaiter<^Awaiter,'TResult1>) and ^Awaiter :> Runtime.CompilerServices.ICriticalNotifyCompletion and ^Awaiter: (member IsCompleted: bool) and ^Awaiter: (member GetResult: unit -> 'TResult1) - member CancellableTaskBuilderBase.Source: [<InlineIfLambda>] task: (unit -> Task<'TResult1>) -> (CancellationToken -> Runtime.CompilerServices.TaskAwaiter<'TResult1>) - member CancellableTaskBuilderBase.Source: [<InlineIfLambda>] task: (unit -> ^Awaitable) -> (CancellationToken -> ^Awaiter) when ^Awaitable: (member GetAwaiter: unit -> Awaiter<^Awaiter,'TResult1>) and ^Awaiter :> Runtime.CompilerServices.ICriticalNotifyCompletion and ^Awaiter: (member IsCompleted: bool) and ^Awaiter: (member GetResult: unit -> 'TResult1) - member CancellableTaskBuilderBase.Source: [<InlineIfLambda>] task: CancellableTask<'TResult1> -> (CancellationToken -> Runtime.CompilerServices.TaskAwaiter<'TResult1>) - member CancellableTaskBuilderBase.Source: awaiter: CancellableTask<unit array> -> (CancellationToken -> Runtime.CompilerServices.TaskAwaiter) - member CancellableTaskBuilderBase.Source: awaiter: Runtime.CompilerServices.TaskAwaiter<'TResult1> -> Runtime.CompilerServices.TaskAwaiter<'TResult1> - member CancellableTaskBuilderBase.Source: computation: Async<'TResult1> -> (CancellationToken -> Runtime.CompilerServices.TaskAwaiter<'TResult1>) - member CancellableTaskBuilderBase.Source: getAwaiter: ^Awaiter -> ^Awaiter when ^Awaiter :> Runtime.CompilerServices.ICriticalNotifyCompletion and ^Awaiter: (member IsCompleted: bool) and ^Awaiter: (member GetResult: unit -> 'TResult1) - member CancellableTaskBuilderBase.Source: s: 'a -> 'a when 'a :> 'b seq - member CancellableTaskBuilderBase.Source: task: Task<'T> -> (CancellationToken -> Runtime.CompilerServices.TaskAwaiter<'T>) - member CancellableTaskBuilderBase.Source: task: ^Awaitable -> ^Awaiter when ^Awaitable: (member GetAwaiter: unit -> Awaiter<^Awaiter,'TResult1>) and ^Awaiter :> Runtime.CompilerServices.ICriticalNotifyCompletion and ^Awaiter: (member IsCompleted: bool) and ^Awaiter: (member GetResult: unit -> 'TResult1) [E:\repos\fsharp\vsintegration\src\FSharp.Editor\FSharp.Editor.fsproj]
E:\repos\fsharp\vsintegration\src\FSharp.Editor\Navigation\GoToDefinition.fs(256,21): error FS0041: A unique overload for method 'BindReturn' could not be determined based on type information prior to this program point. A type annotation may be needed.Known types of arguments: 'a * (TextSpan -> FSharpNavigableItem option)Candidates: - member CancellableTaskBuilderBase.BindReturn: [<InlineIfLambda>] getAwaiter: (CancellationToken -> ^Awaiter) * [<InlineIfLambda>] mapper: ('TResult1 -> 'TResult2) -> CancellableTaskCode<'TResult2,'TResult2> when ^Awaiter :> Runtime.CompilerServices.ICriticalNotifyCompletion and ^Awaiter: (member IsCompleted: bool) and ^Awaiter: (member GetResult: unit -> 'TResult1) - member CancellableTaskBuilderBase.BindReturn: getAwaiter: ^Awaiter * [<InlineIfLambda>] mapper: ('TResult1 -> 'TResult2) -> CancellableTaskCode<'TResult2,'TResult2> when ^Awaiter :> Runtime.CompilerServices.ICriticalNotifyCompletion and ^Awaiter: (member IsCompleted: bool) and ^Awaiter: (member GetResult: unit -> 'TResult1) [E:\repos\fsharp\vsintegration\src\FSharp.Editor\FSharp.Editor.fsproj]
E:\repos\fsharp\vsintegration\src\FSharp.Editor\Navigation\GoToDefinition.fs(246,21): error FS0041: A unique overload for method 'Bind' could not be determined based on type information prior to this program point. A type annotation may be needed.Known types of arguments: 'a * ('b * 'c -> 'd)Candidates: - member CancellableTaskBuilderBase.Bind<'TResult1,'TResult2,^Awaiter,'TOverall when ^Awaiter :> Runtime.CompilerServices.ICriticalNotifyCompletion and ^Awaiter: (member IsCompleted: bool) and ^Awaiter: (member GetResult: unit -> 'TResult1)> : [<InlineIfLambda>] getAwaiter: (CancellationToken -> ^Awaiter) * [<InlineIfLambda>] continuation: ('TResult1 -> CancellableTaskCode<'TOverall,'TResult2>) -> CancellableTaskCode<'TOverall,'TResult2> when ^Awaiter :> Runtime.CompilerServices.ICriticalNotifyCompletion and ^Awaiter: (member IsCompleted: bool) and ^Awaiter: (member GetResult: unit -> 'TResult1) - member CancellableTaskBuilderBase.Bind<'TResult1,'TResult2,^Awaiter,'TOverall when ^Awaiter :> Runtime.CompilerServices.ICriticalNotifyCompletion and ^Awaiter: (member IsCompleted: bool) and ^Awaiter: (member GetResult: unit -> 'TResult1)> : getAwaiter: ^Awaiter * [<InlineIfLambda>] continuation: ('TResult1 -> CancellableTaskCode<'TOverall,'TResult2>) -> CancellableTaskCode<'TOverall,'TResult2> when ^Awaiter :> Runtime.CompilerServices.ICriticalNotifyCompletion and ^Awaiter: (member IsCompleted: bool) and ^Awaiter: (member GetResult: unit -> 'TResult1) [E:\repos\fsharp\vsintegration\src\FSharp.Editor\FSharp.Editor.fsproj]
E:\repos\fsharp\vsintegration\src\FSharp.Editor\Navigation\GoToDefinition.fs(280,13): error FS0039: The value or constructor 'async2' is not defined. Maybe you want one of the following:   async   Async   AsyncLazy   AsyncLocal   AsyncQueue [E:\repos\fsharp\vsintegration\src\FSharp.Editor\FSharp.Editor.fsproj]
E:\repos\fsharp\vsintegration\src\FSharp.Editor\Navigation\GoToDefinition.fs(361,24): error FS0001: The type 'CancellableTask<'a>' does not match the type 'Internal.Utilities.Library.Async2<FSharpParseFileResults * FSharpCheckFileResults>' [E:\repos\fsharp\vsintegration\src\FSharp.Editor\FSharp.Editor.fsproj]
E:\repos\fsharp\vsintegration\src\FSharp.Editor\Navigation\GoToDefinition.fs(361,24): error FS0001: The type 'CancellableTask<'a>' does not match the type 'Internal.Utilities.Library.Async2<FSharpParseFileResults * FSharpCheckFileResults>' [E:\repos\fsharp\vsintegration\src\FSharp.Editor\FSharp.Editor.fsproj]
E:\repos\fsharp\vsintegration\src\FSharp.Editor\Navigation\GoToDefinition.fs(365,34): error FS0072: Lookup on object of indeterminate type based on information prior to this program point. A type annotation may be needed prior to this program point to constrain the type of the object. This may allow the lookup to be resolved. [E:\repos\fsharp\vsintegration\src\FSharp.Editor\FSharp.Editor.fsproj]
E:\repos\fsharp\vsintegration\src\FSharp.Editor\Navigation\GoToDefinition.fs(369,57): error FS0072: Lookup on object of indeterminate type based on information prior to this program point. A type annotation may be needed prior to this program point to constrain the type of the object. This may allow the lookup to be resolved. [E:\repos\fsharp\vsintegration\src\FSharp.Editor\FSharp.Editor.fsproj]
E:\repos\fsharp\vsintegration\src\FSharp.Editor\Navigation\GoToDefinition.fs(376,9): error FS0039: The value or constructor 'async2' is not defined. Maybe you want one of the following:   async   Async   AsyncLazy   AsyncLocal   AsyncQueue [E:\repos\fsharp\vsintegration\src\FSharp.Editor\FSharp.Editor.fsproj]
E:\repos\fsharp\vsintegration\src\FSharp.Editor\Navigation\GoToDefinition.fs(617,9): error FS0039: The value or constructor 'async2' is not defined. Maybe you want one of the following:   async   Async   AsyncLazy   AsyncLocal   AsyncQueue [E:\repos\fsharp\vsintegration\src\FSharp.Editor\FSharp.Editor.fsproj]
E:\repos\fsharp\vsintegration\src\FSharp.Editor\Navigation\GoToDefinition.fs(629,9): error FS0039: The value or constructor 'async2' is not defined. Maybe you want one of the following:   async   Async   AsyncLazy   AsyncLocal   AsyncQueue [E:\repos\fsharp\vsintegration\src\FSharp.Editor\FSharp.Editor.fsproj]
E:\repos\fsharp\vsintegration\src\FSharp.Editor\Navigation\GoToDefinition.fs(687,21): error FS0039: The value or constructor 'async2' is not defined. Maybe you want one of the following:   async   Async   AsyncLazy   AsyncLocal   AsyncQueue [E:\repos\fsharp\vsintegration\src\FSharp.Editor\FSharp.Editor.fsproj]
E:\repos\fsharp\vsintegration\src\FSharp.Editor\Navigation\GoToDefinition.fs(738,21): error FS0039: The value or constructor 'async2' is not defined. Maybe you want one of the following:   async   Async   AsyncLazy   AsyncLocal   AsyncQueue [E:\repos\fsharp\vsintegration\src\FSharp.Editor\FSharp.Editor.fsproj]
E:\repos\fsharp\vsintegration\src\FSharp.Editor\Navigation\GoToDefinition.fs(782,9): error FS0039: The value or constructor 'async2' is not defined. Maybe you want one of the following:   async   Async   AsyncLazy   AsyncLocal   AsyncQueue [E:\repos\fsharp\vsintegration\src\FSharp.Editor\FSharp.Editor.fsproj]
E:\repos\fsharp\vsintegration\src\FSharp.Editor\Navigation\GoToDefinition.fs(806,13): error FS0072: Lookup on object of indeterminate type based on information prior to this program point. A type annotation may be needed prior to this program point to constrain the type of the object. This may allow the lookup to be resolved. [E:\repos\fsharp\vsintegration\src\FSharp.Editor\FSharp.Editor.fsproj]
E:\repos\fsharp\vsintegration\src\FSharp.Editor\Navigation\GoToDefinition.fs(808,16): error FS0072: Lookup on object of indeterminate type based on information prior to this program point. A type annotation may be needed prior to this program point to constrain the type of the object. This may allow the lookup to be resolved. [E:\repos\fsharp\vsintegration\src\FSharp.Editor\FSharp.Editor.fsproj]
E:\repos\fsharp\vsintegration\src\FSharp.Editor\Navigation\GoToDefinition.fs(808,63): error FS0072: Lookup on object of indeterminate type based on information prior to this program point. A type annotation may be needed prior to this program point to constrain the type of the object. This may allow the lookup to be resolved. [E:\repos\fsharp\vsintegration\src\FSharp.Editor\FSharp.Editor.fsproj]
E:\repos\fsharp\vsintegration\src\FSharp.Editor\Navigation\GoToDefinition.fs(809,23): error FS0072: Lookup on object of indeterminate type based on information prior to this program point. A type annotation may be needed prior to this program point to constrain the type of the object. This may allow the lookup to be resolved. [E:\repos\fsharp\vsintegration\src\FSharp.Editor\FSharp.Editor.fsproj]
E:\repos\fsharp\vsintegration\src\FSharp.Editor\Navigation\GoToDefinition.fs(858,13): error FS0039: The value or constructor 'async2' is not defined. Maybe you want one of the following:   async   Async   AsyncLazy   AsyncLocal   AsyncQueue [E:\repos\fsharp\vsintegration\src\FSharp.Editor\FSharp.Editor.fsproj]
E:\repos\fsharp\vsintegration\src\FSharp.Editor\Navigation\GoToDefinition.fs(1064,13): error FS0039: The value or constructor 'async2' is not defined. Maybe you want one of the following:   async   Async   AsyncLazy   AsyncLocal   AsyncQueue [E:\repos\fsharp\vsintegration\src\FSharp.Editor\FSharp.Editor.fsproj]
E:\repos\fsharp\vsintegration\src\FSharp.Editor\Navigation\NavigableSymbolsService.fs(43,17): error FS0039: The value or constructor 'async2' is not defined. Maybe you want one of the following:   async   Async   AsyncLocal   asyncMaybe   AsyncLocal [E:\repos\fsharp\vsintegration\src\FSharp.Editor\FSharp.Editor.fsproj]
E:\repos\fsharp\vsintegration\src\FSharp.Editor\Navigation\GoToDefinitionService.fs(22,13): error FS0039: The value or constructor 'async2' is not defined. Maybe you want one of the following:   async   Async   AsyncLocal   asyncMaybe   AsyncLocal [E:\repos\fsharp\vsintegration\src\FSharp.Editor\FSharp.Editor.fsproj]
E:\repos\fsharp\vsintegration\src\FSharp.Editor\Navigation\NavigationBarItemService.fs(24,13): error FS0039: The value or constructor 'async2' is not defined. Maybe you want one of the following:   async   Async   asyncMaybe   AsyncReturn   AsyncBuilder [E:\repos\fsharp\vsintegration\src\FSharp.Editor\FSharp.Editor.fsproj]
E:\repos\fsharp\vsintegration\src\FSharp.Editor\Navigation\NavigateToSearchService.fs(37,9): error FS0039: The value or constructor 'async2' is not defined. Maybe you want one of the following:   async   Async   asyncMaybe   AsyncReturn   AsyncBuilder [E:\repos\fsharp\vsintegration\src\FSharp.Editor\FSharp.Editor.fsproj]
E:\repos\fsharp\vsintegration\src\FSharp.Editor\Navigation\NavigateToSearchService.fs(147,9): error FS0039: The value or constructor 'async2' is not defined. Maybe you want one of the following:   async   Async   asyncMaybe   AsyncReturn   AsyncBuilder [E:\repos\fsharp\vsintegration\src\FSharp.Editor\FSharp.Editor.fsproj]
E:\repos\fsharp\vsintegration\src\FSharp.Editor\Navigation\NavigateToSearchService.fs(194,13): error FS0039: The value or constructor 'async2' is not defined. Maybe you want one of the following:   async   Async   asyncMaybe   AsyncReturn   AsyncBuilder [E:\repos\fsharp\vsintegration\src\FSharp.Editor\FSharp.Editor.fsproj]
E:\repos\fsharp\vsintegration\src\FSharp.Editor\Navigation\NavigateToSearchService.fs(217,13): error FS0039: The value or constructor 'async2' is not defined. Maybe you want one of the following:   async   Async   asyncMaybe   AsyncReturn   AsyncBuilder [E:\repos\fsharp\vsintegration\src\FSharp.Editor\FSharp.Editor.fsproj]
E:\repos\fsharp\vsintegration\src\FSharp.Editor\Navigation\FindUsagesService.fs(31,9): error FS0039: The value or constructor 'async2' is not defined. Maybe you want one of the following:   async   Async   asyncMaybe   AsyncReturn   AsyncBuilder [E:\repos\fsharp\vsintegration\src\FSharp.Editor\FSharp.Editor.fsproj]
E:\repos\fsharp\vsintegration\src\FSharp.Editor\Navigation\FindUsagesService.fs(66,13): error FS0039: The value or constructor 'async2' is not defined. Maybe you want one of the following:   async   Async   asyncMaybe   AsyncReturn   AsyncBuilder [E:\repos\fsharp\vsintegration\src\FSharp.Editor\FSharp.Editor.fsproj]
E:\repos\fsharp\vsintegration\src\FSharp.Editor\Navigation\FindUsagesService.fs(90,9): error FS0039: The value or constructor 'async2' is not defined. Maybe you want one of the following:   async   Async   asyncMaybe   AsyncReturn   AsyncBuilder [E:\repos\fsharp\vsintegration\src\FSharp.Editor\FSharp.Editor.fsproj]
E:\repos\fsharp\vsintegration\src\FSharp.Editor\Navigation\FindDefinitionService.fs(20,13): error FS0039: The value or constructor 'async2' is not defined. Maybe you want one of the following:   async   Async   AsyncLocal   asyncMaybe   AsyncLocal [E:\repos\fsharp\vsintegration\src\FSharp.Editor\FSharp.Editor.fsproj]
E:\repos\fsharp\vsintegration\src\FSharp.Editor\QuickInfo\QuickInfoProvider.fs(27,9): error FS0039: The value or constructor 'async2' is not defined. Maybe you want one of the following:   async   Async   AsyncLocal   asyncMaybe   AsyncLocal [E:\repos\fsharp\vsintegration\src\FSharp.Editor\FSharp.Editor.fsproj]
E:\repos\fsharp\vsintegration\src\FSharp.Editor\QuickInfo\QuickInfoProvider.fs(77,9): error FS0039: The value or constructor 'async2' is not defined. Maybe you want one of the following:   async   Async   AsyncLocal   asyncMaybe   AsyncLocal [E:\repos\fsharp\vsintegration\src\FSharp.Editor\FSharp.Editor.fsproj]
E:\repos\fsharp\vsintegration\src\FSharp.Editor\QuickInfo\QuickInfoProvider.fs(121,13): error FS0039: The value or constructor 'async2' is not defined. Maybe you want one of the following:   async   Async   AsyncLocal   asyncMaybe   AsyncLocal [E:\repos\fsharp\vsintegration\src\FSharp.Editor\FSharp.Editor.fsproj]
E:\repos\fsharp\vsintegration\src\FSharp.Editor\Structure\BlockStructureService.fs(164,13): error FS0039: The value or constructor 'async2' is not defined. Maybe you want one of the following:   async   Async   asyncMaybe   AsyncReturn   AsyncBuilder [E:\repos\fsharp\vsintegration\src\FSharp.Editor\FSharp.Editor.fsproj]
E:\repos\fsharp\vsintegration\src\FSharp.Editor\Commands\HelpContextService.fs(24,9): error FS0039: The value or constructor 'async2' is not defined. Maybe you want one of the following:   async   Async   asyncMaybe   AsyncReturn   AsyncBuilder [E:\repos\fsharp\vsintegration\src\FSharp.Editor\FSharp.Editor.fsproj]

Build FAILED.

E:\repos\fsharp\vsintegration\src\FSharp.Editor\Common\DebugHelpers.fs(124,9): error FS0039: The value or constructor 'async2' is not defined. Maybe you want one of the following:   async   Async   AsyncLazy   AsyncLocal   AsyncQueue [E:\repos\fsharp\vsintegration\src\FSharp.Editor\FSharp.Editor.fsproj]
E:\repos\fsharp\vsintegration\src\FSharp.Editor\LanguageService\FSharpProjectOptionsManager.fs(200,9): error FS0039: The value or constructor 'async2' is not defined. Maybe you want one of the following:   async   Async   AsyncLocal   asyncMaybe   AsyncLocal [E:\repos\fsharp\vsintegration\src\FSharp.Editor\FSharp.Editor.fsproj]
E:\repos\fsharp\vsintegration\src\FSharp.Editor\LanguageService\FSharpProjectOptionsManager.fs(325,9): error FS0039: The value or constructor 'async2' is not defined. Maybe you want one of the following:   async   Async   AsyncLocal   asyncMaybe   AsyncLocal [E:\repos\fsharp\vsintegration\src\FSharp.Editor\FSharp.Editor.fsproj]
E:\repos\fsharp\vsintegration\src\FSharp.Editor\LanguageService\FSharpAnalysisSaveFileCommandHandler.fs(54,29): error FS0039: The value or constructor 'async2' is not defined. Maybe you want one of the following:   async   Async   asyncMaybe   AsyncReturn   AsyncBuilder [E:\repos\fsharp\vsintegration\src\FSharp.Editor\FSharp.Editor.fsproj]
E:\repos\fsharp\vsintegration\src\FSharp.Editor\LanguageService\LanguageService.fs(198,25): error FS0039: The value or constructor 'async2' is not defined. Maybe you want one of the following:   async   Async   AsyncLocal   asyncMaybe   AsyncLocal [E:\repos\fsharp\vsintegration\src\FSharp.Editor\FSharp.Editor.fsproj]
E:\repos\fsharp\vsintegration\src\FSharp.Editor\LanguageService\LanguageService.fs(358,17): error FS0039: The value or constructor 'async2' is not defined. Maybe you want one of the following:   async   Async   AsyncLocal   asyncMaybe   AsyncLocal [E:\repos\fsharp\vsintegration\src\FSharp.Editor\FSharp.Editor.fsproj]
E:\repos\fsharp\vsintegration\src\FSharp.Editor\LanguageService\LanguageService.fs(418,24): error FS0001: Type mismatch. Expecting a    'obj -> 'a'    but given a    'CancellableTask<'b> -> Tasks.Task<'b>'    The type 'CancellableTask<'a>' does not match the type 'obj' [E:\repos\fsharp\vsintegration\src\FSharp.Editor\FSharp.Editor.fsproj]
E:\repos\fsharp\vsintegration\src\FSharp.Editor\LanguageService\LanguageService.fs(418,24): error FS0001: Type mismatch. Expecting a    'obj -> 'a'    but given a    'CancellableTask<'b> -> Tasks.Task<'b>'    The type 'CancellableTask<'a>' does not match the type 'obj' [E:\repos\fsharp\vsintegration\src\FSharp.Editor\FSharp.Editor.fsproj]
E:\repos\fsharp\vsintegration\src\FSharp.Editor\LanguageService\LanguageService.fs(316,17): error FS1182: The value 'solutionEventsOpt' is unused [E:\repos\fsharp\vsintegration\src\FSharp.Editor\FSharp.Editor.fsproj]
E:\repos\fsharp\vsintegration\src\FSharp.Editor\LanguageService\SymbolHelpers.fs(30,20): error FS0001: Type mismatch. Expecting a    'Internal.Utilities.Library.Async2<FSharpParseFileResults * FSharpCheckFileResults> -> 'a'    but given a    'CancellableTask<'b> -> Task<'b>'    The type 'CancellableTask<'a>' does not match the type 'Internal.Utilities.Library.Async2<FSharpParseFileResults * FSharpCheckFileResults>' [E:\repos\fsharp\vsintegration\src\FSharp.Editor\FSharp.Editor.fsproj]
E:\repos\fsharp\vsintegration\src\FSharp.Editor\LanguageService\SymbolHelpers.fs(30,20): error FS0001: Type mismatch. Expecting a    'Internal.Utilities.Library.Async2<FSharpParseFileResults * FSharpCheckFileResults> -> 'a'    but given a    'CancellableTask<'b> -> Task<'b>'    The type 'CancellableTask<'a>' does not match the type 'Internal.Utilities.Library.Async2<FSharpParseFileResults * FSharpCheckFileResults>' [E:\repos\fsharp\vsintegration\src\FSharp.Editor\FSharp.Editor.fsproj]
E:\repos\fsharp\vsintegration\src\FSharp.Editor\LanguageService\SymbolHelpers.fs(34,113): error FS0001: Type mismatch. Expecting a    'Internal.Utilities.Library.Async2<string list * string * bool option> -> 'a'    but given a    'Async<'b> -> Async<'b option>'    The type 'Async<'a>' does not match the type 'Internal.Utilities.Library.Async2<string list * string * bool option>' [E:\repos\fsharp\vsintegration\src\FSharp.Editor\FSharp.Editor.fsproj]
E:\repos\fsharp\vsintegration\src\FSharp.Editor\LanguageService\SymbolHelpers.fs(58,17): error FS0072: Lookup on object of indeterminate type based on information prior to this program point. A type annotation may be needed prior to this program point to constrain the type of the object. This may allow the lookup to be resolved. [E:\repos\fsharp\vsintegration\src\FSharp.Editor\FSharp.Editor.fsproj]
E:\repos\fsharp\vsintegration\src\FSharp.Editor\LanguageService\SymbolHelpers.fs(68,17): error FS0072: Lookup on object of indeterminate type based on information prior to this program point. A type annotation may be needed prior to this program point to constrain the type of the object. This may allow the lookup to be resolved. [E:\repos\fsharp\vsintegration\src\FSharp.Editor\FSharp.Editor.fsproj]
E:\repos\fsharp\vsintegration\src\FSharp.Editor\LanguageService\SymbolHelpers.fs(67,13): error FS0041: A unique overload for method 'Bind' could not be determined based on type information prior to this program point. A type annotation may be needed.Known types of arguments: 'a * ('b -> Async<'c option>)Candidates: - member AsyncMaybeBuilder.Bind: value: 'T option * [<InlineIfLambda>] f: ('T -> Async<'U option>) -> Async<'U option> - member AsyncMaybeBuilder.Bind: value: 'T voption * [<InlineIfLambda>] f: ('T -> Async<'U option>) -> Async<'U option> - member AsyncMaybeBuilder.Bind: value: Async<'T option> * [<InlineIfLambda>] f: ('T -> Async<'U option>) -> Async<'U option> - member AsyncMaybeBuilder.Bind: value: Task<'T> * [<InlineIfLambda>] f: ('T -> Async<'U option>) -> Async<'U option> [E:\repos\fsharp\vsintegration\src\FSharp.Editor\FSharp.Editor.fsproj]
E:\repos\fsharp\vsintegration\src\FSharp.Editor\LanguageService\SymbolHelpers.fs(38,13): error FS0041: A unique overload for method 'Bind' could not be determined based on type information prior to this program point. A type annotation may be needed.Known types of arguments: 'a * (string list * string * bool option -> Async<'b option>)Candidates: - member AsyncMaybeBuilder.Bind: value: 'T option * [<InlineIfLambda>] f: ('T -> Async<'U option>) -> Async<'U option> - member AsyncMaybeBuilder.Bind: value: 'T voption * [<InlineIfLambda>] f: ('T -> Async<'U option>) -> Async<'U option> - member AsyncMaybeBuilder.Bind: value: Async<'T option> * [<InlineIfLambda>] f: ('T -> Async<'U option>) -> Async<'U option> - member AsyncMaybeBuilder.Bind: value: Task<'T> * [<InlineIfLambda>] f: ('T -> Async<'U option>) -> Async<'U option> [E:\repos\fsharp\vsintegration\src\FSharp.Editor\FSharp.Editor.fsproj]
E:\repos\fsharp\vsintegration\src\FSharp.Editor\LanguageService\SymbolHelpers.fs(83,13): error FS0039: The value or constructor 'async2' is not defined. Maybe you want one of the following:   async   Async   asyncMaybe   AsyncReturn   AsyncBuilder [E:\repos\fsharp\vsintegration\src\FSharp.Editor\FSharp.Editor.fsproj]
E:\repos\fsharp\vsintegration\src\FSharp.Editor\LanguageService\SymbolHelpers.fs(111,9): error FS0039: The value or constructor 'async2' is not defined. Maybe you want one of the following:   async   Async   asyncMaybe   AsyncReturn   AsyncBuilder [E:\repos\fsharp\vsintegration\src\FSharp.Editor\FSharp.Editor.fsproj]
E:\repos\fsharp\vsintegration\src\FSharp.Editor\LanguageService\SymbolHelpers.fs(175,9): error FS0039: The value or constructor 'async2' is not defined. Maybe you want one of the following:   async   Async   asyncMaybe   AsyncReturn   AsyncBuilder [E:\repos\fsharp\vsintegration\src\FSharp.Editor\FSharp.Editor.fsproj]
E:\repos\fsharp\vsintegration\src\FSharp.Editor\LanguageService\SymbolHelpers.fs(187,9): error FS0039: The value or constructor 'async2' is not defined. Maybe you want one of the following:   async   Async   asyncMaybe   AsyncReturn   AsyncBuilder [E:\repos\fsharp\vsintegration\src\FSharp.Editor\FSharp.Editor.fsproj]
E:\repos\fsharp\vsintegration\src\FSharp.Editor\Classification\ClassificationService.fs(227,32): error FS0041: No overloads match for method 'Source'.Known type of argument: Internal.Utilities.Library.Async2<SemanticClassificationLookup voption>Available overloads: - member CancellableTaskBuilderBase.Source: [<InlineIfLambda>] getAwaiter: (CancellationToken -> ^Awaiter) -> (CancellationToken -> ^Awaiter) when ^Awaiter :> Runtime.CompilerServices.ICriticalNotifyCompletion and ^Awaiter: (member IsCompleted: bool) and ^Awaiter: (member GetResult: unit -> 'TResult1) // Argument 'getAwaiter' doesn't match - member CancellableTaskBuilderBase.Source: [<InlineIfLambda>] task: (CancellationToken -> ^Awaitable) -> (CancellationToken -> ^Awaiter) when ^Awaitable: (member GetAwaiter: unit -> Awaiter<^Awaiter,'TResult1>) and ^Awaiter :> Runtime.CompilerServices.ICriticalNotifyCompletion and ^Awaiter: (member IsCompleted: bool) and ^Awaiter: (member GetResult: unit -> 'TResult1) // Argument 'task' doesn't match - member CancellableTaskBuilderBase.Source: [<InlineIfLambda>] task: (unit -> Tasks.Task<'TResult1>) -> (CancellationToken -> Runtime.CompilerServices.TaskAwaiter<'TResult1>) // Argument 'task' doesn't match - member CancellableTaskBuilderBase.Source: [<InlineIfLambda>] task: (unit -> ^Awaitable) -> (CancellationToken -> ^Awaiter) when ^Awaitable: (member GetAwaiter: unit -> Awaiter<^Awaiter,'TResult1>) and ^Awaiter :> Runtime.CompilerServices.ICriticalNotifyCompletion and ^Awaiter: (member IsCompleted: bool) and ^Awaiter: (member GetResult: unit -> 'TResult1) // Argument 'task' doesn't match - member CancellableTaskBuilderBase.Source: [<InlineIfLambda>] task: CancellableTask<'TResult1> -> (CancellationToken -> Runtime.CompilerServices.TaskAwaiter<'TResult1>) // Argument 'task' doesn't match - member CancellableTaskBuilderBase.Source: awaiter: CancellableTask<unit array> -> (CancellationToken -> Runtime.CompilerServices.TaskAwaiter) // Argument 'awaiter' doesn't match - member CancellableTaskBuilderBase.Source: awaiter: Runtime.CompilerServices.TaskAwaiter<'TResult1> -> Runtime.CompilerServices.TaskAwaiter<'TResult1> // Argument 'awaiter' doesn't match - member CancellableTaskBuilderBase.Source: computation: Async<'TResult1> -> (CancellationToken -> Runtime.CompilerServices.TaskAwaiter<'TResult1>) // Argument 'computation' doesn't match - member CancellableTaskBuilderBase.Source: getAwaiter: ^Awaiter -> ^Awaiter when ^Awaiter :> Runtime.CompilerServices.ICriticalNotifyCompletion and ^Awaiter: (member IsCompleted: bool) and ^Awaiter: (member GetResult: unit -> 'TResult1) // Argument 'getAwaiter' doesn't match - member CancellableTaskBuilderBase.Source: s: 'a -> 'a when 'a :> 'b seq // Argument 's' doesn't match - member CancellableTaskBuilderBase.Source: task: Tasks.Task<'T> -> (CancellationToken -> Runtime.CompilerServices.TaskAwaiter<'T>) // Argument 'task' doesn't match - member CancellableTaskBuilderBase.Source: task: ^Awaitable -> ^Awaiter when ^Awaitable: (member GetAwaiter: unit -> Awaiter<^Awaiter,'TResult1>) and ^Awaiter :> Runtime.CompilerServices.ICriticalNotifyCompletion and ^Awaiter: (member IsCompleted: bool) and ^Awaiter: (member GetResult: unit -> 'TResult1) // Argument 'task' doesn't match [E:\repos\fsharp\vsintegration\src\FSharp.Editor\FSharp.Editor.fsproj]
E:\repos\fsharp\vsintegration\src\FSharp.Editor\Classification\ClassificationService.fs(255,55): error FS0041: No overloads match for method 'Source'.Known type of argument: Internal.Utilities.Library.Async2<SemanticClassificationView>Available overloads: - member CancellableTaskBuilderBase.Source: [<InlineIfLambda>] getAwaiter: (CancellationToken -> ^Awaiter) -> (CancellationToken -> ^Awaiter) when ^Awaiter :> Runtime.CompilerServices.ICriticalNotifyCompletion and ^Awaiter: (member IsCompleted: bool) and ^Awaiter: (member GetResult: unit -> 'TResult1) // Argument 'getAwaiter' doesn't match - member CancellableTaskBuilderBase.Source: [<InlineIfLambda>] task: (CancellationToken -> ^Awaitable) -> (CancellationToken -> ^Awaiter) when ^Awaitable: (member GetAwaiter: unit -> Awaiter<^Awaiter,'TResult1>) and ^Awaiter :> Runtime.CompilerServices.ICriticalNotifyCompletion and ^Awaiter: (member IsCompleted: bool) and ^Awaiter: (member GetResult: unit -> 'TResult1) // Argument 'task' doesn't match - member CancellableTaskBuilderBase.Source: [<InlineIfLambda>] task: (unit -> Tasks.Task<'TResult1>) -> (CancellationToken -> Runtime.CompilerServices.TaskAwaiter<'TResult1>) // Argument 'task' doesn't match - member CancellableTaskBuilderBase.Source: [<InlineIfLambda>] task: (unit -> ^Awaitable) -> (CancellationToken -> ^Awaiter) when ^Awaitable: (member GetAwaiter: unit -> Awaiter<^Awaiter,'TResult1>) and ^Awaiter :> Runtime.CompilerServices.ICriticalNotifyCompletion and ^Awaiter: (member IsCompleted: bool) and ^Awaiter: (member GetResult: unit -> 'TResult1) // Argument 'task' doesn't match - member CancellableTaskBuilderBase.Source: [<InlineIfLambda>] task: CancellableTask<'TResult1> -> (CancellationToken -> Runtime.CompilerServices.TaskAwaiter<'TResult1>) // Argument 'task' doesn't match - member CancellableTaskBuilderBase.Source: awaiter: CancellableTask<unit array> -> (CancellationToken -> Runtime.CompilerServices.TaskAwaiter) // Argument 'awaiter' doesn't match - member CancellableTaskBuilderBase.Source: awaiter: Runtime.CompilerServices.TaskAwaiter<'TResult1> -> Runtime.CompilerServices.TaskAwaiter<'TResult1> // Argument 'awaiter' doesn't match - member CancellableTaskBuilderBase.Source: computation: Async<'TResult1> -> (CancellationToken -> Runtime.CompilerServices.TaskAwaiter<'TResult1>) // Argument 'computation' doesn't match - member CancellableTaskBuilderBase.Source: getAwaiter: ^Awaiter -> ^Awaiter when ^Awaiter :> Runtime.CompilerServices.ICriticalNotifyCompletion and ^Awaiter: (member IsCompleted: bool) and ^Awaiter: (member GetResult: unit -> 'TResult1) // Argument 'getAwaiter' doesn't match - member CancellableTaskBuilderBase.Source: s: 'a -> 'a when 'a :> 'b seq // Argument 's' doesn't match - member CancellableTaskBuilderBase.Source: task: Tasks.Task<'T> -> (CancellationToken -> Runtime.CompilerServices.TaskAwaiter<'T>) // Argument 'task' doesn't match - member CancellableTaskBuilderBase.Source: task: ^Awaitable -> ^Awaiter when ^Awaitable: (member GetAwaiter: unit -> Awaiter<^Awaiter,'TResult1>) and ^Awaiter :> Runtime.CompilerServices.ICriticalNotifyCompletion and ^Awaiter: (member IsCompleted: bool) and ^Awaiter: (member GetResult: unit -> 'TResult1) // Argument 'task' doesn't match [E:\repos\fsharp\vsintegration\src\FSharp.Editor\FSharp.Editor.fsproj]
E:\repos\fsharp\vsintegration\src\FSharp.Editor\Classification\ClassificationService.fs(258,33): error FS0041: No overloads match for method 'Source'.Known type of argument: Internal.Utilities.Library.Async2<unit>Available overloads: - member CancellableTaskBuilderBase.Source: [<InlineIfLambda>] getAwaiter: (CancellationToken -> ^Awaiter) -> (CancellationToken -> ^Awaiter) when ^Awaiter :> Runtime.CompilerServices.ICriticalNotifyCompletion and ^Awaiter: (member IsCompleted: bool) and ^Awaiter: (member GetResult: unit -> 'TResult1) // Argument 'getAwaiter' doesn't match - member CancellableTaskBuilderBase.Source: [<InlineIfLambda>] task: (CancellationToken -> ^Awaitable) -> (CancellationToken -> ^Awaiter) when ^Awaitable: (member GetAwaiter: unit -> Awaiter<^Awaiter,'TResult1>) and ^Awaiter :> Runtime.CompilerServices.ICriticalNotifyCompletion and ^Awaiter: (member IsCompleted: bool) and ^Awaiter: (member GetResult: unit -> 'TResult1) // Argument 'task' doesn't match - member CancellableTaskBuilderBase.Source: [<InlineIfLambda>] task: (unit -> Tasks.Task<'TResult1>) -> (CancellationToken -> Runtime.CompilerServices.TaskAwaiter<'TResult1>) // Argument 'task' doesn't match - member CancellableTaskBuilderBase.Source: [<InlineIfLambda>] task: (unit -> ^Awaitable) -> (CancellationToken -> ^Awaiter) when ^Awaitable: (member GetAwaiter: unit -> Awaiter<^Awaiter,'TResult1>) and ^Awaiter :> Runtime.CompilerServices.ICriticalNotifyCompletion and ^Awaiter: (member IsCompleted: bool) and ^Awaiter: (member GetResult: unit -> 'TResult1) // Argument 'task' doesn't match - member CancellableTaskBuilderBase.Source: [<InlineIfLambda>] task: CancellableTask<'TResult1> -> (CancellationToken -> Runtime.CompilerServices.TaskAwaiter<'TResult1>) // Argument 'task' doesn't match - member CancellableTaskBuilderBase.Source: awaiter: CancellableTask<unit array> -> (CancellationToken -> Runtime.CompilerServices.TaskAwaiter) // Argument 'awaiter' doesn't match - member CancellableTaskBuilderBase.Source: awaiter: Runtime.CompilerServices.TaskAwaiter<'TResult1> -> Runtime.CompilerServices.TaskAwaiter<'TResult1> // Argument 'awaiter' doesn't match - member CancellableTaskBuilderBase.Source: computation: Async<'TResult1> -> (CancellationToken -> Runtime.CompilerServices.TaskAwaiter<'TResult1>) // Argument 'computation' doesn't match - member CancellableTaskBuilderBase.Source: getAwaiter: ^Awaiter -> ^Awaiter when ^Awaiter :> Runtime.CompilerServices.ICriticalNotifyCompletion and ^Awaiter: (member IsCompleted: bool) and ^Awaiter: (member GetResult: unit -> 'TResult1) // Argument 'getAwaiter' doesn't match - member CancellableTaskBuilderBase.Source: s: 'a -> 'a when 'a :> 'b seq // Argument 's' doesn't match - member CancellableTaskBuilderBase.Source: task: Tasks.Task<'T> -> (CancellationToken -> Runtime.CompilerServices.TaskAwaiter<'T>) // Argument 'task' doesn't match - member CancellableTaskBuilderBase.Source: task: ^Awaitable -> ^Awaiter when ^Awaitable: (member GetAwaiter: unit -> Awaiter<^Awaiter,'TResult1>) and ^Awaiter :> Runtime.CompilerServices.ICriticalNotifyCompletion and ^Awaiter: (member IsCompleted: bool) and ^Awaiter: (member GetResult: unit -> 'TResult1) // Argument 'task' doesn't match [E:\repos\fsharp\vsintegration\src\FSharp.Editor\FSharp.Editor.fsproj]
E:\repos\fsharp\vsintegration\src\FSharp.Editor\Classification\ClassificationService.fs(259,29): error FS0041: A unique overload for method 'Bind' could not be determined based on type information prior to this program point. A type annotation may be needed.Known types of arguments: 'a * (unit -> CancellableTaskCode<'b,unit>)Candidates: - member CancellableTaskBuilderBase.Bind<'TResult1,'TResult2,^Awaiter,'TOverall when ^Awaiter :> Runtime.CompilerServices.ICriticalNotifyCompletion and ^Awaiter: (member IsCompleted: bool) and ^Awaiter: (member GetResult: unit -> 'TResult1)> : [<InlineIfLambda>] getAwaiter: (CancellationToken -> ^Awaiter) * [<InlineIfLambda>] continuation: ('TResult1 -> CancellableTaskCode<'TOverall,'TResult2>) -> CancellableTaskCode<'TOverall,'TResult2> when ^Awaiter :> Runtime.CompilerServices.ICriticalNotifyCompletion and ^Awaiter: (member IsCompleted: bool) and ^Awaiter: (member GetResult: unit -> 'TResult1) - member CancellableTaskBuilderBase.Bind<'TResult1,'TResult2,^Awaiter,'TOverall when ^Awaiter :> Runtime.CompilerServices.ICriticalNotifyCompletion and ^Awaiter: (member IsCompleted: bool) and ^Awaiter: (member GetResult: unit -> 'TResult1)> : getAwaiter: ^Awaiter * [<InlineIfLambda>] continuation: ('TResult1 -> CancellableTaskCode<'TOverall,'TResult2>) -> CancellableTaskCode<'TOverall,'TResult2> when ^Awaiter :> Runtime.CompilerServices.ICriticalNotifyCompletion and ^Awaiter: (member IsCompleted: bool) and ^Awaiter: (member GetResult: unit -> 'TResult1) [E:\repos\fsharp\vsintegration\src\FSharp.Editor\FSharp.Editor.fsproj]
E:\repos\fsharp\vsintegration\src\FSharp.Editor\Classification\ClassificationService.fs(257,29): error FS0041: A unique overload for method 'Bind' could not be determined based on type information prior to this program point. A type annotation may be needed.Known types of arguments: 'a * (SemanticClassificationData -> 'b)Candidates: - member CancellableTaskBuilderBase.Bind<'TResult1,'TResult2,^Awaiter,'TOverall when ^Awaiter :> Runtime.CompilerServices.ICriticalNotifyCompletion and ^Awaiter: (member IsCompleted: bool) and ^Awaiter: (member GetResult: unit -> 'TResult1)> : [<InlineIfLambda>] getAwaiter: (CancellationToken -> ^Awaiter) * [<InlineIfLambda>] continuation: ('TResult1 -> CancellableTaskCode<'TOverall,'TResult2>) -> CancellableTaskCode<'TOverall,'TResult2> when ^Awaiter :> Runtime.CompilerServices.ICriticalNotifyCompletion and ^Awaiter: (member IsCompleted: bool) and ^Awaiter: (member GetResult: unit -> 'TResult1) - member CancellableTaskBuilderBase.Bind<'TResult1,'TResult2,^Awaiter,'TOverall when ^Awaiter :> Runtime.CompilerServices.ICriticalNotifyCompletion and ^Awaiter: (member IsCompleted: bool) and ^Awaiter: (member GetResult: unit -> 'TResult1)> : getAwaiter: ^Awaiter * [<InlineIfLambda>] continuation: ('TResult1 -> CancellableTaskCode<'TOverall,'TResult2>) -> CancellableTaskCode<'TOverall,'TResult2> when ^Awaiter :> Runtime.CompilerServices.ICriticalNotifyCompletion and ^Awaiter: (member IsCompleted: bool) and ^Awaiter: (member GetResult: unit -> 'TResult1) [E:\repos\fsharp\vsintegration\src\FSharp.Editor\FSharp.Editor.fsproj]
E:\repos\fsharp\vsintegration\src\FSharp.Editor\Classification\ClassificationService.fs(227,25): error FS0041: A unique overload for method 'Bind' could not be determined based on type information prior to this program point. A type annotation may be needed.Known types of arguments: 'a * ('b voption -> CompilerServices.ResumableCode<CancellableTaskStateMachineData<'c>,unit>) when 'b :> SemanticClassificationLookupCandidates: - member CancellableTaskBuilderBase.Bind<'TResult1,'TResult2,^Awaiter,'TOverall when ^Awaiter :> Runtime.CompilerServices.ICriticalNotifyCompletion and ^Awaiter: (member IsCompleted: bool) and ^Awaiter: (member GetResult: unit -> 'TResult1)> : [<InlineIfLambda>] getAwaiter: (CancellationToken -> ^Awaiter) * [<InlineIfLambda>] continuation: ('TResult1 -> CancellableTaskCode<'TOverall,'TResult2>) -> CancellableTaskCode<'TOverall,'TResult2> when ^Awaiter :> Runtime.CompilerServices.ICriticalNotifyCompletion and ^Awaiter: (member IsCompleted: bool) and ^Awaiter: (member GetResult: unit -> 'TResult1) - member CancellableTaskBuilderBase.Bind<'TResult1,'TResult2,^Awaiter,'TOverall when ^Awaiter :> Runtime.CompilerServices.ICriticalNotifyCompletion and ^Awaiter: (member IsCompleted: bool) and ^Awaiter: (member GetResult: unit -> 'TResult1)> : getAwaiter: ^Awaiter * [<InlineIfLambda>] continuation: ('TResult1 -> CancellableTaskCode<'TOverall,'TResult2>) -> CancellableTaskCode<'TOverall,'TResult2> when ^Awaiter :> Runtime.CompilerServices.ICriticalNotifyCompletion and ^Awaiter: (member IsCompleted: bool) and ^Awaiter: (member GetResult: unit -> 'TResult1) [E:\repos\fsharp\vsintegration\src\FSharp.Editor\FSharp.Editor.fsproj]
E:\repos\fsharp\vsintegration\src\FSharp.Editor\Classification\ClassificationService.fs(262,32): error FS0041: No overloads match for method 'Source'.Known type of argument: Internal.Utilities.Library.Async2<SemanticClassificationLookup voption>Available overloads: - member CancellableTaskBuilderBase.Source: [<InlineIfLambda>] getAwaiter: (CancellationToken -> ^Awaiter) -> (CancellationToken -> ^Awaiter) when ^Awaiter :> Runtime.CompilerServices.ICriticalNotifyCompletion and ^Awaiter: (member IsCompleted: bool) and ^Awaiter: (member GetResult: unit -> 'TResult1) // Argument 'getAwaiter' doesn't match - member CancellableTaskBuilderBase.Source: [<InlineIfLambda>] task: (CancellationToken -> ^Awaitable) -> (CancellationToken -> ^Awaiter) when ^Awaitable: (member GetAwaiter: unit -> Awaiter<^Awaiter,'TResult1>) and ^Awaiter :> Runtime.CompilerServices.ICriticalNotifyCompletion and ^Awaiter: (member IsCompleted: bool) and ^Awaiter: (member GetResult: unit -> 'TResult1) // Argument 'task' doesn't match - member CancellableTaskBuilderBase.Source: [<InlineIfLambda>] task: (unit -> Tasks.Task<'TResult1>) -> (CancellationToken -> Runtime.CompilerServices.TaskAwaiter<'TResult1>) // Argument 'task' doesn't match - member CancellableTaskBuilderBase.Source: [<InlineIfLambda>] task: (unit -> ^Awaitable) -> (CancellationToken -> ^Awaiter) when ^Awaitable: (member GetAwaiter: unit -> Awaiter<^Awaiter,'TResult1>) and ^Awaiter :> Runtime.CompilerServices.ICriticalNotifyCompletion and ^Awaiter: (member IsCompleted: bool) and ^Awaiter: (member GetResult: unit -> 'TResult1) // Argument 'task' doesn't match - member CancellableTaskBuilderBase.Source: [<InlineIfLambda>] task: CancellableTask<'TResult1> -> (CancellationToken -> Runtime.CompilerServices.TaskAwaiter<'TResult1>) // Argument 'task' doesn't match - member CancellableTaskBuilderBase.Source: awaiter: CancellableTask<unit array> -> (CancellationToken -> Runtime.CompilerServices.TaskAwaiter) // Argument 'awaiter' doesn't match - member CancellableTaskBuilderBase.Source: awaiter: Runtime.CompilerServices.TaskAwaiter<'TResult1> -> Runtime.CompilerServices.TaskAwaiter<'TResult1> // Argument 'awaiter' doesn't match - member CancellableTaskBuilderBase.Source: computation: Async<'TResult1> -> (CancellationToken -> Runtime.CompilerServices.TaskAwaiter<'TResult1>) // Argument 'computation' doesn't match - member CancellableTaskBuilderBase.Source: getAwaiter: ^Awaiter -> ^Awaiter when ^Awaiter :> Runtime.CompilerServices.ICriticalNotifyCompletion and ^Awaiter: (member IsCompleted: bool) and ^Awaiter: (member GetResult: unit -> 'TResult1) // Argument 'getAwaiter' doesn't match - member CancellableTaskBuilderBase.Source: s: 'a -> 'a when 'a :> 'b seq // Argument 's' doesn't match - member CancellableTaskBuilderBase.Source: task: Tasks.Task<'T> -> (CancellationToken -> Runtime.CompilerServices.TaskAwaiter<'T>) // Argument 'task' doesn't match - member CancellableTaskBuilderBase.Source: task: ^Awaitable -> ^Awaiter when ^Awaitable: (member GetAwaiter: unit -> Awaiter<^Awaiter,'TResult1>) and ^Awaiter :> Runtime.CompilerServices.ICriticalNotifyCompletion and ^Awaiter: (member IsCompleted: bool) and ^Awaiter: (member GetResult: unit -> 'TResult1) // Argument 'task' doesn't match [E:\repos\fsharp\vsintegration\src\FSharp.Editor\FSharp.Editor.fsproj]
E:\repos\fsharp\vsintegration\src\FSharp.Editor\Classification\ClassificationService.fs(291,52): error FS0041: No overloads match for method 'Source'.Known type of argument: Internal.Utilities.Library.Async2<FSharp.Compiler.CodeAnalysis.FSharpParseFileResults * FSharp.Compiler.CodeAnalysis.FSharpCheckFileResults>Available overloads: - member CancellableTaskBuilderBase.Source: [<InlineIfLambda>] getAwaiter: (CancellationToken -> ^Awaiter) -> (CancellationToken -> ^Awaiter) when ^Awaiter :> Runtime.CompilerServices.ICriticalNotifyCompletion and ^Awaiter: (member IsCompleted: bool) and ^Awaiter: (member GetResult: unit -> 'TResult1) // Argument 'getAwaiter' doesn't match - member CancellableTaskBuilderBase.Source: [<InlineIfLambda>] task: (CancellationToken -> ^Awaitable) -> (CancellationToken -> ^Awaiter) when ^Awaitable: (member GetAwaiter: unit -> Awaiter<^Awaiter,'TResult1>) and ^Awaiter :> Runtime.CompilerServices.ICriticalNotifyCompletion and ^Awaiter: (member IsCompleted: bool) and ^Awaiter: (member GetResult: unit -> 'TResult1) // Argument 'task' doesn't match - member CancellableTaskBuilderBase.Source: [<InlineIfLambda>] task: (unit -> Tasks.Task<'TResult1>) -> (CancellationToken -> Runtime.CompilerServices.TaskAwaiter<'TResult1>) // Argument 'task' doesn't match - member CancellableTaskBuilderBase.Source: [<InlineIfLambda>] task: (unit -> ^Awaitable) -> (CancellationToken -> ^Awaiter) when ^Awaitable: (member GetAwaiter: unit -> Awaiter<^Awaiter,'TResult1>) and ^Awaiter :> Runtime.CompilerServices.ICriticalNotifyCompletion and ^Awaiter: (member IsCompleted: bool) and ^Awaiter: (member GetResult: unit -> 'TResult1) // Argument 'task' doesn't match - member CancellableTaskBuilderBase.Source: [<InlineIfLambda>] task: CancellableTask<'TResult1> -> (CancellationToken -> Runtime.CompilerServices.TaskAwaiter<'TResult1>) // Argument 'task' doesn't match - member CancellableTaskBuilderBase.Source: awaiter: CancellableTask<unit array> -> (CancellationToken -> Runtime.CompilerServices.TaskAwaiter) // Argument 'awaiter' doesn't match - member CancellableTaskBuilderBase.Source: awaiter: Runtime.CompilerServices.TaskAwaiter<'TResult1> -> Runtime.CompilerServices.TaskAwaiter<'TResult1> // Argument 'awaiter' doesn't match - member CancellableTaskBuilderBase.Source: computation: Async<'TResult1> -> (CancellationToken -> Runtime.CompilerServices.TaskAwaiter<'TResult1>) // Argument 'computation' doesn't match - member CancellableTaskBuilderBase.Source: getAwaiter: ^Awaiter -> ^Awaiter when ^Awaiter :> Runtime.CompilerServices.ICriticalNotifyCompletion and ^Awaiter: (member IsCompleted: bool) and ^Awaiter: (member GetResult: unit -> 'TResult1) // Argument 'getAwaiter' doesn't match - member CancellableTaskBuilderBase.Source: s: 'a -> 'a when 'a :> 'b seq // Argument 's' doesn't match - member CancellableTaskBuilderBase.Source: task: Tasks.Task<'T> -> (CancellationToken -> Runtime.CompilerServices.TaskAwaiter<'T>) // Argument 'task' doesn't match - member CancellableTaskBuilderBase.Source: task: ^Awaitable -> ^Awaiter when ^Awaitable: (member GetAwaiter: unit -> Awaiter<^Awaiter,'TResult1>) and ^Awaiter :> Runtime.CompilerServices.ICriticalNotifyCompletion and ^Awaiter: (member IsCompleted: bool) and ^Awaiter: (member GetResult: unit -> 'TResult1) // Argument 'task' doesn't match [E:\repos\fsharp\vsintegration\src\FSharp.Editor\FSharp.Editor.fsproj]
E:\repos\fsharp\vsintegration\src\FSharp.Editor\Classification\ClassificationService.fs(296,54): error FS0072: Lookup on object of indeterminate type based on information prior to this program point. A type annotation may be needed prior to this program point to constrain the type of the object. This may allow the lookup to be resolved. [E:\repos\fsharp\vsintegration\src\FSharp.Editor\FSharp.Editor.fsproj]
E:\repos\fsharp\vsintegration\src\FSharp.Editor\Classification\ClassificationService.fs(298,32): error FS0072: Lookup on object of indeterminate type based on information prior to this program point. A type annotation may be needed prior to this program point to constrain the type of the object. This may allow the lookup to be resolved. [E:\repos\fsharp\vsintegration\src\FSharp.Editor\FSharp.Editor.fsproj]
E:\repos\fsharp\vsintegration\src\FSharp.Editor\Classification\ClassificationService.fs(300,37): error FS0041: No overloads match for method 'Source'.Known type of argument: Internal.Utilities.Library.Async2<unit>Available overloads: - member CancellableTaskBuilderBase.Source: [<InlineIfLambda>] getAwaiter: (CancellationToken -> ^Awaiter) -> (CancellationToken -> ^Awaiter) when ^Awaiter :> Runtime.CompilerServices.ICriticalNotifyCompletion and ^Awaiter: (member IsCompleted: bool) and ^Awaiter: (member GetResult: unit -> 'TResult1) // Argument 'getAwaiter' doesn't match - member CancellableTaskBuilderBase.Source: [<InlineIfLambda>] task: (CancellationToken -> ^Awaitable) -> (CancellationToken -> ^Awaiter) when ^Awaitable: (member GetAwaiter: unit -> Awaiter<^Awaiter,'TResult1>) and ^Awaiter :> Runtime.CompilerServices.ICriticalNotifyCompletion and ^Awaiter: (member IsCompleted: bool) and ^Awaiter: (member GetResult: unit -> 'TResult1) // Argument 'task' doesn't match - member CancellableTaskBuilderBase.Source: [<InlineIfLambda>] task: (unit -> Tasks.Task<'TResult1>) -> (CancellationToken -> Runtime.CompilerServices.TaskAwaiter<'TResult1>) // Argument 'task' doesn't match - member CancellableTaskBuilderBase.Source: [<InlineIfLambda>] task: (unit -> ^Awaitable) -> (CancellationToken -> ^Awaiter) when ^Awaitable: (member GetAwaiter: unit -> Awaiter<^Awaiter,'TResult1>) and ^Awaiter :> Runtime.CompilerServices.ICriticalNotifyCompletion and ^Awaiter: (member IsCompleted: bool) and ^Awaiter: (member GetResult: unit -> 'TResult1) // Argument 'task' doesn't match - member CancellableTaskBuilderBase.Source: [<InlineIfLambda>] task: CancellableTask<'TResult1> -> (CancellationToken -> Runtime.CompilerServices.TaskAwaiter<'TResult1>) // Argument 'task' doesn't match - member CancellableTaskBuilderBase.Source: awaiter: CancellableTask<unit array> -> (CancellationToken -> Runtime.CompilerServices.TaskAwaiter) // Argument 'awaiter' doesn't match - member CancellableTaskBuilderBase.Source: awaiter: Runtime.CompilerServices.TaskAwaiter<'TResult1> -> Runtime.CompilerServices.TaskAwaiter<'TResult1> // Argument 'awaiter' doesn't match - member CancellableTaskBuilderBase.Source: computation: Async<'TResult1> -> (CancellationToken -> Runtime.CompilerServices.TaskAwaiter<'TResult1>) // Argument 'computation' doesn't match - member CancellableTaskBuilderBase.Source: getAwaiter: ^Awaiter -> ^Awaiter when ^Awaiter :> Runtime.CompilerServices.ICriticalNotifyCompletion and ^Awaiter: (member IsCompleted: bool) and ^Awaiter: (member GetResult: unit -> 'TResult1) // Argument 'getAwaiter' doesn't match - member CancellableTaskBuilderBase.Source: s: 'a -> 'a when 'a :> 'b seq // Argument 's' doesn't match - member CancellableTaskBuilderBase.Source: task: Tasks.Task<'T> -> (CancellationToken -> Runtime.CompilerServices.TaskAwaiter<'T>) // Argument 'task' doesn't match - member CancellableTaskBuilderBase.Source: task: ^Awaitable -> ^Awaiter when ^Awaitable: (member GetAwaiter: unit -> Awaiter<^Awaiter,'TResult1>) and ^Awaiter :> Runtime.CompilerServices.ICriticalNotifyCompletion and ^Awaiter: (member IsCompleted: bool) and ^Awaiter: (member GetResult: unit -> 'TResult1) // Argument 'task' doesn't match [E:\repos\fsharp\vsintegration\src\FSharp.Editor\FSharp.Editor.fsproj]
E:\repos\fsharp\vsintegration\src\FSharp.Editor\Classification\ClassificationService.fs(302,33): error FS0041: A unique overload for method 'Bind' could not be determined based on type information prior to this program point. A type annotation may be needed.Known types of arguments: 'a * (unit -> CancellableTaskCode<'b,unit>)Candidates: - member CancellableTaskBuilderBase.Bind<'TResult1,'TResult2,^Awaiter,'TOverall when ^Awaiter :> Runtime.CompilerServices.ICriticalNotifyCompletion and ^Awaiter: (member IsCompleted: bool) and ^Awaiter: (member GetResult: unit -> 'TResult1)> : [<InlineIfLambda>] getAwaiter: (CancellationToken -> ^Awaiter) * [<InlineIfLambda>] continuation: ('TResult1 -> CancellableTaskCode<'TOverall,'TResult2>) -> CancellableTaskCode<'TOverall,'TResult2> when ^Awaiter :> Runtime.CompilerServices.ICriticalNotifyCompletion and ^Awaiter: (member IsCompleted: bool) and ^Awaiter: (member GetResult: unit -> 'TResult1) - member CancellableTaskBuilderBase.Bind<'TResult1,'TResult2,^Awaiter,'TOverall when ^Awaiter :> Runtime.CompilerServices.ICriticalNotifyCompletion and ^Awaiter: (member IsCompleted: bool) and ^Awaiter: (member GetResult: unit -> 'TResult1)> : getAwaiter: ^Awaiter * [<InlineIfLambda>] continuation: ('TResult1 -> CancellableTaskCode<'TOverall,'TResult2>) -> CancellableTaskCode<'TOverall,'TResult2> when ^Awaiter :> Runtime.CompilerServices.ICriticalNotifyCompletion and ^Awaiter: (member IsCompleted: bool) and ^Awaiter: (member GetResult: unit -> 'TResult1) [E:\repos\fsharp\vsintegration\src\FSharp.Editor\FSharp.Editor.fsproj]
E:\repos\fsharp\vsintegration\src\FSharp.Editor\Classification\ClassificationService.fs(293,29): error FS0041: A unique overload for method 'Bind' could not be determined based on type information prior to this program point. A type annotation may be needed.Known types of arguments: 'a * ('b * 'c -> CancellableTaskCode<'d,unit>)Candidates: - member CancellableTaskBuilderBase.Bind<'TResult1,'TResult2,^Awaiter,'TOverall when ^Awaiter :> Runtime.CompilerServices.ICriticalNotifyCompletion and ^Awaiter: (member IsCompleted: bool) and ^Awaiter: (member GetResult: unit -> 'TResult1)> : [<InlineIfLambda>] getAwaiter: (CancellationToken -> ^Awaiter) * [<InlineIfLambda>] continuation: ('TResult1 -> CancellableTaskCode<'TOverall,'TResult2>) -> CancellableTaskCode<'TOverall,'TResult2> when ^Awaiter :> Runtime.CompilerServices.ICriticalNotifyCompletion and ^Awaiter: (member IsCompleted: bool) and ^Awaiter: (member GetResult: unit -> 'TResult1) - member CancellableTaskBuilderBase.Bind<'TResult1,'TResult2,^Awaiter,'TOverall when ^Awaiter :> Runtime.CompilerServices.ICriticalNotifyCompletion and ^Awaiter: (member IsCompleted: bool) and ^Awaiter: (member GetResult: unit -> 'TResult1)> : getAwaiter: ^Awaiter * [<InlineIfLambda>] continuation: ('TResult1 -> CancellableTaskCode<'TOverall,'TResult2>) -> CancellableTaskCode<'TOverall,'TResult2> when ^Awaiter :> Runtime.CompilerServices.ICriticalNotifyCompletion and ^Awaiter: (member IsCompleted: bool) and ^Awaiter: (member GetResult: unit -> 'TResult1) [E:\repos\fsharp\vsintegration\src\FSharp.Editor\FSharp.Editor.fsproj]
E:\repos\fsharp\vsintegration\src\FSharp.Editor\Classification\ClassificationService.fs(262,25): error FS0041: A unique overload for method 'Bind' could not be determined based on type information prior to this program point. A type annotation may be needed.Known types of arguments: 'a * ('b voption -> CompilerServices.ResumableCode<CancellableTaskStateMachineData<'c>,unit>) when 'b :> SemanticClassificationLookupCandidates: - member CancellableTaskBuilderBase.Bind<'TResult1,'TResult2,^Awaiter,'TOverall when ^Awaiter :> Runtime.CompilerServices.ICriticalNotifyCompletion and ^Awaiter: (member IsCompleted: bool) and ^Awaiter: (member GetResult: unit -> 'TResult1)> : [<InlineIfLambda>] getAwaiter: (CancellationToken -> ^Awaiter) * [<InlineIfLambda>] continuation: ('TResult1 -> CancellableTaskCode<'TOverall,'TResult2>) -> CancellableTaskCode<'TOverall,'TResult2> when ^Awaiter :> Runtime.CompilerServices.ICriticalNotifyCompletion and ^Awaiter: (member IsCompleted: bool) and ^Awaiter: (member GetResult: unit -> 'TResult1) - member CancellableTaskBuilderBase.Bind<'TResult1,'TResult2,^Awaiter,'TOverall when ^Awaiter :> Runtime.CompilerServices.ICriticalNotifyCompletion and ^Awaiter: (member IsCompleted: bool) and ^Awaiter: (member GetResult: unit -> 'TResult1)> : getAwaiter: ^Awaiter * [<InlineIfLambda>] continuation: ('TResult1 -> CancellableTaskCode<'TOverall,'TResult2>) -> CancellableTaskCode<'TOverall,'TResult2> when ^Awaiter :> Runtime.CompilerServices.ICriticalNotifyCompletion and ^Awaiter: (member IsCompleted: bool) and ^Awaiter: (member GetResult: unit -> 'TResult1) [E:\repos\fsharp\vsintegration\src\FSharp.Editor\FSharp.Editor.fsproj]
E:\repos\fsharp\vsintegration\src\FSharp.Editor\Formatting\BraceMatchingService.fs(49,24): error FS0001: Type mismatch. Expecting a    'Internal.Utilities.Library.Async2<FSharpChecker * FSharpProjectOptionsManager * FSharpParsingOptions * FSharpProjectOptions> -> 'a'    but given a    'CancellableTask<'b> -> System.Threading.Tasks.Task<'b>'    The type 'CancellableTask<'a>' does not match the type 'Internal.Utilities.Library.Async2<FSharpChecker * FSharpProjectOptionsManager * FSharpParsingOptions * FSharpProjectOptions>' [E:\repos\fsharp\vsintegration\src\FSharp.Editor\FSharp.Editor.fsproj]
E:\repos\fsharp\vsintegration\src\FSharp.Editor\Formatting\BraceMatchingService.fs(49,24): error FS0001: Type mismatch. Expecting a    'Internal.Utilities.Library.Async2<FSharpChecker * FSharpProjectOptionsManager * FSharpParsingOptions * FSharpProjectOptions> -> 'a'    but given a    'CancellableTask<'b> -> System.Threading.Tasks.Task<'b>'    The type 'CancellableTask<'a>' does not match the type 'Internal.Utilities.Library.Async2<FSharpChecker * FSharpProjectOptionsManager * FSharpParsingOptions * FSharpProjectOptions>' [E:\repos\fsharp\vsintegration\src\FSharp.Editor\FSharp.Editor.fsproj]
E:\repos\fsharp\vsintegration\src\FSharp.Editor\Debugging\BreakpointResolutionService.fs(25,9): error FS0039: The value or constructor 'async2' is not defined. Maybe you want one of the following:   async   Async   AsyncLocal   asyncMaybe   AsyncLocal [E:\repos\fsharp\vsintegration\src\FSharp.Editor\FSharp.Editor.fsproj]
E:\repos\fsharp\vsintegration\src\FSharp.Editor\Debugging\BreakpointResolutionService.fs(53,13): error FS0039: The value or constructor 'async2' is not defined. Maybe you want one of the following:   async   Async   AsyncLocal   asyncMaybe   AsyncLocal [E:\repos\fsharp\vsintegration\src\FSharp.Editor\FSharp.Editor.fsproj]
E:\repos\fsharp\vsintegration\src\FSharp.Editor\Debugging\LanguageDebugInfoService.fs(55,13): error FS0039: The value or constructor 'async2' is not defined. Maybe you want one of the following:   async   Async   AsyncLocal   asyncMaybe   AsyncLocal [E:\repos\fsharp\vsintegration\src\FSharp.Editor\FSharp.Editor.fsproj]
E:\repos\fsharp\vsintegration\src\FSharp.Editor\Diagnostics\UnnecessaryParenthesesDiagnosticAnalyzer.fs(54,9): error FS0039: The value or constructor 'async2' is not defined. Maybe you want one of the following:   async   Async   AsyncLocal   asyncMaybe   AsyncLocal [E:\repos\fsharp\vsintegration\src\FSharp.Editor\FSharp.Editor.fsproj]
E:\repos\fsharp\vsintegration\src\FSharp.Editor\Diagnostics\DocumentDiagnosticAnalyzer.fs(58,9): error FS0039: The value or constructor 'async2' is not defined. Maybe you want one of the following:   async   Async   AsyncLocal   asyncMaybe   AsyncLocal [E:\repos\fsharp\vsintegration\src\FSharp.Editor\FSharp.Editor.fsproj]
E:\repos\fsharp\vsintegration\src\FSharp.Editor\Diagnostics\SimplifyNameDiagnosticAnalyzer.fs(61,32): error FS0001: The type 'CancellableTask<'a>' does not match the type 'Internal.Utilities.Library.Async2<FSharp.Compiler.CodeAnalysis.FSharpParseFileResults * FSharp.Compiler.CodeAnalysis.FSharpCheckFileResults>' [E:\repos\fsharp\vsintegration\src\FSharp.Editor\FSharp.Editor.fsproj]
E:\repos\fsharp\vsintegration\src\FSharp.Editor\Diagnostics\SimplifyNameDiagnosticAnalyzer.fs(61,32): error FS0001: The type 'CancellableTask<'a>' does not match the type 'Internal.Utilities.Library.Async2<FSharp.Compiler.CodeAnalysis.FSharpParseFileResults * FSharp.Compiler.CodeAnalysis.FSharpCheckFileResults>' [E:\repos\fsharp\vsintegration\src\FSharp.Editor\FSharp.Editor.fsproj]
E:\repos\fsharp\vsintegration\src\FSharp.Editor\Diagnostics\UnusedDeclarationsAnalyzer.fs(28,17): error FS0039: The value or constructor 'async2' is not defined. Maybe you want one of the following:   async   Async   asyncMaybe   AsyncReturn   AsyncBuilder [E:\repos\fsharp\vsintegration\src\FSharp.Editor\FSharp.Editor.fsproj]
E:\repos\fsharp\vsintegration\src\FSharp.Editor\Diagnostics\UnusedOpensDiagnosticAnalyzer.fs(23,9): error FS0039: The value or constructor 'async2' is not defined. Maybe you want one of the following:   async   Async   AsyncLocal   asyncMaybe   AsyncLocal [E:\repos\fsharp\vsintegration\src\FSharp.Editor\FSharp.Editor.fsproj]
E:\repos\fsharp\vsintegration\src\FSharp.Editor\Diagnostics\UnusedOpensDiagnosticAnalyzer.fs(44,17): error FS0039: The value or constructor 'async2' is not defined. Maybe you want one of the following:   async   Async   AsyncLocal   asyncMaybe   AsyncLocal [E:\repos\fsharp\vsintegration\src\FSharp.Editor\FSharp.Editor.fsproj]
E:\repos\fsharp\vsintegration\src\FSharp.Editor\TaskList\TaskListService.fs(27,20): error FS0001: Type mismatch. Expecting a    'Internal.Utilities.Library.Async2<FSharpChecker * FSharpProjectOptionsManager * FSharpParsingOptions * FSharpProjectOptions> -> 'a'    but given a    'CancellableTask<'b> -> Threading.Tasks.Task<'b>'    The type 'CancellableTask<'a>' does not match the type 'Internal.Utilities.Library.Async2<FSharpChecker * FSharpProjectOptionsManager * FSharpParsingOptions * FSharpProjectOptions>' [E:\repos\fsharp\vsintegration\src\FSharp.Editor\FSharp.Editor.fsproj]
E:\repos\fsharp\vsintegration\src\FSharp.Editor\TaskList\TaskListService.fs(27,20): error FS0001: Type mismatch. Expecting a    'Internal.Utilities.Library.Async2<FSharpChecker * FSharpProjectOptionsManager * FSharpParsingOptions * FSharpProjectOptions> -> 'a'    but given a    'CancellableTask<'b> -> Threading.Tasks.Task<'b>'    The type 'CancellableTask<'a>' does not match the type 'Internal.Utilities.Library.Async2<FSharpChecker * FSharpProjectOptionsManager * FSharpParsingOptions * FSharpProjectOptions>' [E:\repos\fsharp\vsintegration\src\FSharp.Editor\FSharp.Editor.fsproj]
E:\repos\fsharp\vsintegration\src\FSharp.Editor\Completion\CompletionProvider.fs(156,9): error FS0039: The value or constructor 'async2' is not defined. Maybe you want one of the following:   async   Async   AsyncLocal   asyncMaybe   AsyncLocal [E:\repos\fsharp\vsintegration\src\FSharp.Editor\FSharp.Editor.fsproj]
E:\repos\fsharp\vsintegration\src\FSharp.Editor\Completion\CompletionProvider.fs(320,9): error FS0039: The value or constructor 'async2' is not defined. Maybe you want one of the following:   async   Async   AsyncLocal   asyncMaybe   AsyncLocal [E:\repos\fsharp\vsintegration\src\FSharp.Editor\FSharp.Editor.fsproj]
E:\repos\fsharp\vsintegration\src\FSharp.Editor\Completion\CompletionProvider.fs(411,9): error FS0039: The value or constructor 'async2' is not defined. Maybe you want one of the following:   async   Async   AsyncLocal   asyncMaybe   AsyncLocal [E:\repos\fsharp\vsintegration\src\FSharp.Editor\FSharp.Editor.fsproj]
E:\repos\fsharp\vsintegration\src\FSharp.Editor\Completion\SignatureHelp.fs(621,20): error FS0001: Type mismatch. Expecting a    'Internal.Utilities.Library.Async2<FSharpParseFileResults * FSharpCheckFileResults> -> 'a'    but given a    'CancellableTask<'b> -> Tasks.Task<'b>'    The type 'CancellableTask<'a>' does not match the type 'Internal.Utilities.Library.Async2<FSharpParseFileResults * FSharpCheckFileResults>' [E:\repos\fsharp\vsintegration\src\FSharp.Editor\FSharp.Editor.fsproj]
E:\repos\fsharp\vsintegration\src\FSharp.Editor\Completion\SignatureHelp.fs(621,20): error FS0001: Type mismatch. Expecting a    'Internal.Utilities.Library.Async2<FSharpParseFileResults * FSharpCheckFileResults> -> 'a'    but given a    'CancellableTask<'b> -> Tasks.Task<'b>'    The type 'CancellableTask<'a>' does not match the type 'Internal.Utilities.Library.Async2<FSharpParseFileResults * FSharpCheckFileResults>' [E:\repos\fsharp\vsintegration\src\FSharp.Editor\FSharp.Editor.fsproj]
E:\repos\fsharp\vsintegration\src\FSharp.Editor\InlineRename\InlineRenameService.fs(41,9): error FS0039: The value or constructor 'async2' is not defined. Maybe you want one of the following:   async   Async   AsyncLocal   asyncMaybe   AsyncLocal [E:\repos\fsharp\vsintegration\src\FSharp.Editor\FSharp.Editor.fsproj]
E:\repos\fsharp\vsintegration\src\FSharp.Editor\InlineRename\InlineRenameService.fs(59,9): error FS0039: The value or constructor 'async2' is not defined. Maybe you want one of the following:   async   Async   AsyncLocal   asyncMaybe   AsyncLocal [E:\repos\fsharp\vsintegration\src\FSharp.Editor\FSharp.Editor.fsproj]
E:\repos\fsharp\vsintegration\src\FSharp.Editor\InlineRename\InlineRenameService.fs(95,13): error FS0039: The value or constructor 'async2' is not defined. Maybe you want one of the following:   async   Async   AsyncLocal   asyncMaybe   AsyncLocal [E:\repos\fsharp\vsintegration\src\FSharp.Editor\FSharp.Editor.fsproj]
E:\repos\fsharp\vsintegration\src\FSharp.Editor\InlineRename\InlineRenameService.fs(151,9): error FS0039: The value or constructor 'async2' is not defined. Maybe you want one of the following:   async   Async   AsyncLocal   asyncMaybe   AsyncLocal [E:\repos\fsharp\vsintegration\src\FSharp.Editor\FSharp.Editor.fsproj]
E:\repos\fsharp\vsintegration\src\FSharp.Editor\InlineRename\InlineRenameService.fs(188,9): error FS0039: The value or constructor 'async2' is not defined. Maybe you want one of the following:   async   Async   AsyncLocal   asyncMaybe   AsyncLocal [E:\repos\fsharp\vsintegration\src\FSharp.Editor\FSharp.Editor.fsproj]
E:\repos\fsharp\vsintegration\src\FSharp.Editor\DocumentHighlights\DocumentHighlightsService.fs(60,9): error FS0039: The value or constructor 'async2' is not defined. Maybe you want one of the following:   async   Async   asyncMaybe   AsyncReturn   AsyncBuilder [E:\repos\fsharp\vsintegration\src\FSharp.Editor\FSharp.Editor.fsproj]
E:\repos\fsharp\vsintegration\src\FSharp.Editor\DocumentHighlights\DocumentHighlightsService.fs(115,13): error FS0039: The value or constructor 'async2' is not defined. Maybe you want one of the following:   async   Async   asyncMaybe   AsyncReturn   AsyncBuilder [E:\repos\fsharp\vsintegration\src\FSharp.Editor\FSharp.Editor.fsproj]
E:\repos\fsharp\vsintegration\src\FSharp.Editor\Navigation\GoToDefinition.fs(180,9): error FS0039: The value or constructor 'async2' is not defined. Maybe you want one of the following:   async   Async   AsyncLazy   AsyncLocal   AsyncQueue [E:\repos\fsharp\vsintegration\src\FSharp.Editor\FSharp.Editor.fsproj]
E:\repos\fsharp\vsintegration\src\FSharp.Editor\Navigation\GoToDefinition.fs(244,44): error FS0041: No overloads match for method 'Source'.Known type of argument: Internal.Utilities.Library.Async2<FSharpParseFileResults * FSharpCheckFileResults>Available overloads: - member CancellableTaskBuilderBase.Source: [<InlineIfLambda>] getAwaiter: (CancellationToken -> ^Awaiter) -> (CancellationToken -> ^Awaiter) when ^Awaiter :> Runtime.CompilerServices.ICriticalNotifyCompletion and ^Awaiter: (member IsCompleted: bool) and ^Awaiter: (member GetResult: unit -> 'TResult1) // Argument 'getAwaiter' doesn't match - member CancellableTaskBuilderBase.Source: [<InlineIfLambda>] task: (CancellationToken -> ^Awaitable) -> (CancellationToken -> ^Awaiter) when ^Awaitable: (member GetAwaiter: unit -> Awaiter<^Awaiter,'TResult1>) and ^Awaiter :> Runtime.CompilerServices.ICriticalNotifyCompletion and ^Awaiter: (member IsCompleted: bool) and ^Awaiter: (member GetResult: unit -> 'TResult1) // Argument 'task' doesn't match - member CancellableTaskBuilderBase.Source: [<InlineIfLambda>] task: (unit -> Task<'TResult1>) -> (CancellationToken -> Runtime.CompilerServices.TaskAwaiter<'TResult1>) // Argument 'task' doesn't match - member CancellableTaskBuilderBase.Source: [<InlineIfLambda>] task: (unit -> ^Awaitable) -> (CancellationToken -> ^Awaiter) when ^Awaitable: (member GetAwaiter: unit -> Awaiter<^Awaiter,'TResult1>) and ^Awaiter :> Runtime.CompilerServices.ICriticalNotifyCompletion and ^Awaiter: (member IsCompleted: bool) and ^Awaiter: (member GetResult: unit -> 'TResult1) // Argument 'task' doesn't match - member CancellableTaskBuilderBase.Source: [<InlineIfLambda>] task: CancellableTask<'TResult1> -> (CancellationToken -> Runtime.CompilerServices.TaskAwaiter<'TResult1>) // Argument 'task' doesn't match - member CancellableTaskBuilderBase.Source: awaiter: CancellableTask<unit array> -> (CancellationToken -> Runtime.CompilerServices.TaskAwaiter) // Argument 'awaiter' doesn't match - member CancellableTaskBuilderBase.Source: awaiter: Runtime.CompilerServices.TaskAwaiter<'TResult1> -> Runtime.CompilerServices.TaskAwaiter<'TResult1> // Argument 'awaiter' doesn't match - member CancellableTaskBuilderBase.Source: computation: Async<'TResult1> -> (CancellationToken -> Runtime.CompilerServices.TaskAwaiter<'TResult1>) // Argument 'computation' doesn't match - member CancellableTaskBuilderBase.Source: getAwaiter: ^Awaiter -> ^Awaiter when ^Awaiter :> Runtime.CompilerServices.ICriticalNotifyCompletion and ^Awaiter: (member IsCompleted: bool) and ^Awaiter: (member GetResult: unit -> 'TResult1) // Argument 'getAwaiter' doesn't match - member CancellableTaskBuilderBase.Source: s: 'a -> 'a when 'a :> 'b seq // Argument 's' doesn't match - member CancellableTaskBuilderBase.Source: task: Task<'T> -> (CancellationToken -> Runtime.CompilerServices.TaskAwaiter<'T>) // Argument 'task' doesn't match - member CancellableTaskBuilderBase.Source: task: ^Awaitable -> ^Awaiter when ^Awaitable: (member GetAwaiter: unit -> Awaiter<^Awaiter,'TResult1>) and ^Awaiter :> Runtime.CompilerServices.ICriticalNotifyCompletion and ^Awaiter: (member IsCompleted: bool) and ^Awaiter: (member GetResult: unit -> 'TResult1) // Argument 'task' doesn't match [E:\repos\fsharp\vsintegration\src\FSharp.Editor\FSharp.Editor.fsproj]
E:\repos\fsharp\vsintegration\src\FSharp.Editor\Navigation\GoToDefinition.fs(250,39): error FS0072: Lookup on object of indeterminate type based on information prior to this program point. A type annotation may be needed prior to this program point to constrain the type of the object. This may allow the lookup to be resolved. [E:\repos\fsharp\vsintegration\src\FSharp.Editor\FSharp.Editor.fsproj]
E:\repos\fsharp\vsintegration\src\FSharp.Editor\Navigation\GoToDefinition.fs(257,25): error FS0039: The value or constructor 'async2' is not defined. Maybe you want one of the following:   async   Async   AsyncLazy   AsyncLocal   AsyncQueue [E:\repos\fsharp\vsintegration\src\FSharp.Editor\FSharp.Editor.fsproj]
E:\repos\fsharp\vsintegration\src\FSharp.Editor\Navigation\GoToDefinition.fs(257,25): error FS0041: A unique overload for method 'Source' could not be determined based on type information prior to this program point. A type annotation may be needed.Known type of argument: 'aCandidates: - member CancellableTaskBuilderBase.Source: [<InlineIfLambda>] getAwaiter: (CancellationToken -> ^Awaiter) -> (CancellationToken -> ^Awaiter) when ^Awaiter :> Runtime.CompilerServices.ICriticalNotifyCompletion and ^Awaiter: (member IsCompleted: bool) and ^Awaiter: (member GetResult: unit -> 'TResult1) - member CancellableTaskBuilderBase.Source: [<InlineIfLambda>] task: (CancellationToken -> ^Awaitable) -> (CancellationToken -> ^Awaiter) when ^Awaitable: (member GetAwaiter: unit -> Awaiter<^Awaiter,'TResult1>) and ^Awaiter :> Runtime.CompilerServices.ICriticalNotifyCompletion and ^Awaiter: (member IsCompleted: bool) and ^Awaiter: (member GetResult: unit -> 'TResult1) - member CancellableTaskBuilderBase.Source: [<InlineIfLambda>] task: (unit -> Task<'TResult1>) -> (CancellationToken -> Runtime.CompilerServices.TaskAwaiter<'TResult1>) - member CancellableTaskBuilderBase.Source: [<InlineIfLambda>] task: (unit -> ^Awaitable) -> (CancellationToken -> ^Awaiter) when ^Awaitable: (member GetAwaiter: unit -> Awaiter<^Awaiter,'TResult1>) and ^Awaiter :> Runtime.CompilerServices.ICriticalNotifyCompletion and ^Awaiter: (member IsCompleted: bool) and ^Awaiter: (member GetResult: unit -> 'TResult1) - member CancellableTaskBuilderBase.Source: [<InlineIfLambda>] task: CancellableTask<'TResult1> -> (CancellationToken -> Runtime.CompilerServices.TaskAwaiter<'TResult1>) - member CancellableTaskBuilderBase.Source: awaiter: CancellableTask<unit array> -> (CancellationToken -> Runtime.CompilerServices.TaskAwaiter) - member CancellableTaskBuilderBase.Source: awaiter: Runtime.CompilerServices.TaskAwaiter<'TResult1> -> Runtime.CompilerServices.TaskAwaiter<'TResult1> - member CancellableTaskBuilderBase.Source: computation: Async<'TResult1> -> (CancellationToken -> Runtime.CompilerServices.TaskAwaiter<'TResult1>) - member CancellableTaskBuilderBase.Source: getAwaiter: ^Awaiter -> ^Awaiter when ^Awaiter :> Runtime.CompilerServices.ICriticalNotifyCompletion and ^Awaiter: (member IsCompleted: bool) and ^Awaiter: (member GetResult: unit -> 'TResult1) - member CancellableTaskBuilderBase.Source: s: 'a -> 'a when 'a :> 'b seq - member CancellableTaskBuilderBase.Source: task: Task<'T> -> (CancellationToken -> Runtime.CompilerServices.TaskAwaiter<'T>) - member CancellableTaskBuilderBase.Source: task: ^Awaitable -> ^Awaiter when ^Awaitable: (member GetAwaiter: unit -> Awaiter<^Awaiter,'TResult1>) and ^Awaiter :> Runtime.CompilerServices.ICriticalNotifyCompletion and ^Awaiter: (member IsCompleted: bool) and ^Awaiter: (member GetResult: unit -> 'TResult1) [E:\repos\fsharp\vsintegration\src\FSharp.Editor\FSharp.Editor.fsproj]
E:\repos\fsharp\vsintegration\src\FSharp.Editor\Navigation\GoToDefinition.fs(256,21): error FS0041: A unique overload for method 'BindReturn' could not be determined based on type information prior to this program point. A type annotation may be needed.Known types of arguments: 'a * (TextSpan -> FSharpNavigableItem option)Candidates: - member CancellableTaskBuilderBase.BindReturn: [<InlineIfLambda>] getAwaiter: (CancellationToken -> ^Awaiter) * [<InlineIfLambda>] mapper: ('TResult1 -> 'TResult2) -> CancellableTaskCode<'TResult2,'TResult2> when ^Awaiter :> Runtime.CompilerServices.ICriticalNotifyCompletion and ^Awaiter: (member IsCompleted: bool) and ^Awaiter: (member GetResult: unit -> 'TResult1) - member CancellableTaskBuilderBase.BindReturn: getAwaiter: ^Awaiter * [<InlineIfLambda>] mapper: ('TResult1 -> 'TResult2) -> CancellableTaskCode<'TResult2,'TResult2> when ^Awaiter :> Runtime.CompilerServices.ICriticalNotifyCompletion and ^Awaiter: (member IsCompleted: bool) and ^Awaiter: (member GetResult: unit -> 'TResult1) [E:\repos\fsharp\vsintegration\src\FSharp.Editor\FSharp.Editor.fsproj]
E:\repos\fsharp\vsintegration\src\FSharp.Editor\Navigation\GoToDefinition.fs(246,21): error FS0041: A unique overload for method 'Bind' could not be determined based on type information prior to this program point. A type annotation may be needed.Known types of arguments: 'a * ('b * 'c -> 'd)Candidates: - member CancellableTaskBuilderBase.Bind<'TResult1,'TResult2,^Awaiter,'TOverall when ^Awaiter :> Runtime.CompilerServices.ICriticalNotifyCompletion and ^Awaiter: (member IsCompleted: bool) and ^Awaiter: (member GetResult: unit -> 'TResult1)> : [<InlineIfLambda>] getAwaiter: (CancellationToken -> ^Awaiter) * [<InlineIfLambda>] continuation: ('TResult1 -> CancellableTaskCode<'TOverall,'TResult2>) -> CancellableTaskCode<'TOverall,'TResult2> when ^Awaiter :> Runtime.CompilerServices.ICriticalNotifyCompletion and ^Awaiter: (member IsCompleted: bool) and ^Awaiter: (member GetResult: unit -> 'TResult1) - member CancellableTaskBuilderBase.Bind<'TResult1,'TResult2,^Awaiter,'TOverall when ^Awaiter :> Runtime.CompilerServices.ICriticalNotifyCompletion and ^Awaiter: (member IsCompleted: bool) and ^Awaiter: (member GetResult: unit -> 'TResult1)> : getAwaiter: ^Awaiter * [<InlineIfLambda>] continuation: ('TResult1 -> CancellableTaskCode<'TOverall,'TResult2>) -> CancellableTaskCode<'TOverall,'TResult2> when ^Awaiter :> Runtime.CompilerServices.ICriticalNotifyCompletion and ^Awaiter: (member IsCompleted: bool) and ^Awaiter: (member GetResult: unit -> 'TResult1) [E:\repos\fsharp\vsintegration\src\FSharp.Editor\FSharp.Editor.fsproj]
E:\repos\fsharp\vsintegration\src\FSharp.Editor\Navigation\GoToDefinition.fs(280,13): error FS0039: The value or constructor 'async2' is not defined. Maybe you want one of the following:   async   Async   AsyncLazy   AsyncLocal   AsyncQueue [E:\repos\fsharp\vsintegration\src\FSharp.Editor\FSharp.Editor.fsproj]
E:\repos\fsharp\vsintegration\src\FSharp.Editor\Navigation\GoToDefinition.fs(361,24): error FS0001: The type 'CancellableTask<'a>' does not match the type 'Internal.Utilities.Library.Async2<FSharpParseFileResults * FSharpCheckFileResults>' [E:\repos\fsharp\vsintegration\src\FSharp.Editor\FSharp.Editor.fsproj]
E:\repos\fsharp\vsintegration\src\FSharp.Editor\Navigation\GoToDefinition.fs(361,24): error FS0001: The type 'CancellableTask<'a>' does not match the type 'Internal.Utilities.Library.Async2<FSharpParseFileResults * FSharpCheckFileResults>' [E:\repos\fsharp\vsintegration\src\FSharp.Editor\FSharp.Editor.fsproj]
E:\repos\fsharp\vsintegration\src\FSharp.Editor\Navigation\GoToDefinition.fs(365,34): error FS0072: Lookup on object of indeterminate type based on information prior to this program point. A type annotation may be needed prior to this program point to constrain the type of the object. This may allow the lookup to be resolved. [E:\repos\fsharp\vsintegration\src\FSharp.Editor\FSharp.Editor.fsproj]
E:\repos\fsharp\vsintegration\src\FSharp.Editor\Navigation\GoToDefinition.fs(369,57): error FS0072: Lookup on object of indeterminate type based on information prior to this program point. A type annotation may be needed prior to this program point to constrain the type of the object. This may allow the lookup to be resolved. [E:\repos\fsharp\vsintegration\src\FSharp.Editor\FSharp.Editor.fsproj]
E:\repos\fsharp\vsintegration\src\FSharp.Editor\Navigation\GoToDefinition.fs(376,9): error FS0039: The value or constructor 'async2' is not defined. Maybe you want one of the following:   async   Async   AsyncLazy   AsyncLocal   AsyncQueue [E:\repos\fsharp\vsintegration\src\FSharp.Editor\FSharp.Editor.fsproj]
E:\repos\fsharp\vsintegration\src\FSharp.Editor\Navigation\GoToDefinition.fs(617,9): error FS0039: The value or constructor 'async2' is not defined. Maybe you want one of the following:   async   Async   AsyncLazy   AsyncLocal   AsyncQueue [E:\repos\fsharp\vsintegration\src\FSharp.Editor\FSharp.Editor.fsproj]
E:\repos\fsharp\vsintegration\src\FSharp.Editor\Navigation\GoToDefinition.fs(629,9): error FS0039: The value or constructor 'async2' is not defined. Maybe you want one of the following:   async   Async   AsyncLazy   AsyncLocal   AsyncQueue [E:\repos\fsharp\vsintegration\src\FSharp.Editor\FSharp.Editor.fsproj]
E:\repos\fsharp\vsintegration\src\FSharp.Editor\Navigation\GoToDefinition.fs(687,21): error FS0039: The value or constructor 'async2' is not defined. Maybe you want one of the following:   async   Async   AsyncLazy   AsyncLocal   AsyncQueue [E:\repos\fsharp\vsintegration\src\FSharp.Editor\FSharp.Editor.fsproj]
E:\repos\fsharp\vsintegration\src\FSharp.Editor\Navigation\GoToDefinition.fs(738,21): error FS0039: The value or constructor 'async2' is not defined. Maybe you want one of the following:   async   Async   AsyncLazy   AsyncLocal   AsyncQueue [E:\repos\fsharp\vsintegration\src\FSharp.Editor\FSharp.Editor.fsproj]
E:\repos\fsharp\vsintegration\src\FSharp.Editor\Navigation\GoToDefinition.fs(782,9): error FS0039: The value or constructor 'async2' is not defined. Maybe you want one of the following:   async   Async   AsyncLazy   AsyncLocal   AsyncQueue [E:\repos\fsharp\vsintegration\src\FSharp.Editor\FSharp.Editor.fsproj]
E:\repos\fsharp\vsintegration\src\FSharp.Editor\Navigation\GoToDefinition.fs(806,13): error FS0072: Lookup on object of indeterminate type based on information prior to this program point. A type annotation may be needed prior to this program point to constrain the type of the object. This may allow the lookup to be resolved. [E:\repos\fsharp\vsintegration\src\FSharp.Editor\FSharp.Editor.fsproj]
E:\repos\fsharp\vsintegration\src\FSharp.Editor\Navigation\GoToDefinition.fs(808,16): error FS0072: Lookup on object of indeterminate type based on information prior to this program point. A type annotation may be needed prior to this program point to constrain the type of the object. This may allow the lookup to be resolved. [E:\repos\fsharp\vsintegration\src\FSharp.Editor\FSharp.Editor.fsproj]
E:\repos\fsharp\vsintegration\src\FSharp.Editor\Navigation\GoToDefinition.fs(808,63): error FS0072: Lookup on object of indeterminate type based on information prior to this program point. A type annotation may be needed prior to this program point to constrain the type of the object. This may allow the lookup to be resolved. [E:\repos\fsharp\vsintegration\src\FSharp.Editor\FSharp.Editor.fsproj]
E:\repos\fsharp\vsintegration\src\FSharp.Editor\Navigation\GoToDefinition.fs(809,23): error FS0072: Lookup on object of indeterminate type based on information prior to this program point. A type annotation may be needed prior to this program point to constrain the type of the object. This may allow the lookup to be resolved. [E:\repos\fsharp\vsintegration\src\FSharp.Editor\FSharp.Editor.fsproj]
E:\repos\fsharp\vsintegration\src\FSharp.Editor\Navigation\GoToDefinition.fs(858,13): error FS0039: The value or constructor 'async2' is not defined. Maybe you want one of the following:   async   Async   AsyncLazy   AsyncLocal   AsyncQueue [E:\repos\fsharp\vsintegration\src\FSharp.Editor\FSharp.Editor.fsproj]
E:\repos\fsharp\vsintegration\src\FSharp.Editor\Navigation\GoToDefinition.fs(1064,13): error FS0039: The value or constructor 'async2' is not defined. Maybe you want one of the following:   async   Async   AsyncLazy   AsyncLocal   AsyncQueue [E:\repos\fsharp\vsintegration\src\FSharp.Editor\FSharp.Editor.fsproj]
E:\repos\fsharp\vsintegration\src\FSharp.Editor\Navigation\NavigableSymbolsService.fs(43,17): error FS0039: The value or constructor 'async2' is not defined. Maybe you want one of the following:   async   Async   AsyncLocal   asyncMaybe   AsyncLocal [E:\repos\fsharp\vsintegration\src\FSharp.Editor\FSharp.Editor.fsproj]
E:\repos\fsharp\vsintegration\src\FSharp.Editor\Navigation\GoToDefinitionService.fs(22,13): error FS0039: The value or constructor 'async2' is not defined. Maybe you want one of the following:   async   Async   AsyncLocal   asyncMaybe   AsyncLocal [E:\repos\fsharp\vsintegration\src\FSharp.Editor\FSharp.Editor.fsproj]
E:\repos\fsharp\vsintegration\src\FSharp.Editor\Navigation\NavigationBarItemService.fs(24,13): error FS0039: The value or constructor 'async2' is not defined. Maybe you want one of the following:   async   Async   asyncMaybe   AsyncReturn   AsyncBuilder [E:\repos\fsharp\vsintegration\src\FSharp.Editor\FSharp.Editor.fsproj]
E:\repos\fsharp\vsintegration\src\FSharp.Editor\Navigation\NavigateToSearchService.fs(37,9): error FS0039: The value or constructor 'async2' is not defined. Maybe you want one of the following:   async   Async   asyncMaybe   AsyncReturn   AsyncBuilder [E:\repos\fsharp\vsintegration\src\FSharp.Editor\FSharp.Editor.fsproj]
E:\repos\fsharp\vsintegration\src\FSharp.Editor\Navigation\NavigateToSearchService.fs(147,9): error FS0039: The value or constructor 'async2' is not defined. Maybe you want one of the following:   async   Async   asyncMaybe   AsyncReturn   AsyncBuilder [E:\repos\fsharp\vsintegration\src\FSharp.Editor\FSharp.Editor.fsproj]
E:\repos\fsharp\vsintegration\src\FSharp.Editor\Navigation\NavigateToSearchService.fs(194,13): error FS0039: The value or constructor 'async2' is not defined. Maybe you want one of the following:   async   Async   asyncMaybe   AsyncReturn   AsyncBuilder [E:\repos\fsharp\vsintegration\src\FSharp.Editor\FSharp.Editor.fsproj]
E:\repos\fsharp\vsintegration\src\FSharp.Editor\Navigation\NavigateToSearchService.fs(217,13): error FS0039: The value or constructor 'async2' is not defined. Maybe you want one of the following:   async   Async   asyncMaybe   AsyncReturn   AsyncBuilder [E:\repos\fsharp\vsintegration\src\FSharp.Editor\FSharp.Editor.fsproj]
E:\repos\fsharp\vsintegration\src\FSharp.Editor\Navigation\FindUsagesService.fs(31,9): error FS0039: The value or constructor 'async2' is not defined. Maybe you want one of the following:   async   Async   asyncMaybe   AsyncReturn   AsyncBuilder [E:\repos\fsharp\vsintegration\src\FSharp.Editor\FSharp.Editor.fsproj]
E:\repos\fsharp\vsintegration\src\FSharp.Editor\Navigation\FindUsagesService.fs(66,13): error FS0039: The value or constructor 'async2' is not defined. Maybe you want one of the following:   async   Async   asyncMaybe   AsyncReturn   AsyncBuilder [E:\repos\fsharp\vsintegration\src\FSharp.Editor\FSharp.Editor.fsproj]
E:\repos\fsharp\vsintegration\src\FSharp.Editor\Navigation\FindUsagesService.fs(90,9): error FS0039: The value or constructor 'async2' is not defined. Maybe you want one of the following:   async   Async   asyncMaybe   AsyncReturn   AsyncBuilder [E:\repos\fsharp\vsintegration\src\FSharp.Editor\FSharp.Editor.fsproj]
E:\repos\fsharp\vsintegration\src\FSharp.Editor\Navigation\FindDefinitionService.fs(20,13): error FS0039: The value or constructor 'async2' is not defined. Maybe you want one of the following:   async   Async   AsyncLocal   asyncMaybe   AsyncLocal [E:\repos\fsharp\vsintegration\src\FSharp.Editor\FSharp.Editor.fsproj]
E:\repos\fsharp\vsintegration\src\FSharp.Editor\QuickInfo\QuickInfoProvider.fs(27,9): error FS0039: The value or constructor 'async2' is not defined. Maybe you want one of the following:   async   Async   AsyncLocal   asyncMaybe   AsyncLocal [E:\repos\fsharp\vsintegration\src\FSharp.Editor\FSharp.Editor.fsproj]
E:\repos\fsharp\vsintegration\src\FSharp.Editor\QuickInfo\QuickInfoProvider.fs(77,9): error FS0039: The value or constructor 'async2' is not defined. Maybe you want one of the following:   async   Async   AsyncLocal   asyncMaybe   AsyncLocal [E:\repos\fsharp\vsintegration\src\FSharp.Editor\FSharp.Editor.fsproj]
E:\repos\fsharp\vsintegration\src\FSharp.Editor\QuickInfo\QuickInfoProvider.fs(121,13): error FS0039: The value or constructor 'async2' is not defined. Maybe you want one of the following:   async   Async   AsyncLocal   asyncMaybe   AsyncLocal [E:\repos\fsharp\vsintegration\src\FSharp.Editor\FSharp.Editor.fsproj]
E:\repos\fsharp\vsintegration\src\FSharp.Editor\Structure\BlockStructureService.fs(164,13): error FS0039: The value or constructor 'async2' is not defined. Maybe you want one of the following:   async   Async   asyncMaybe   AsyncReturn   AsyncBuilder [E:\repos\fsharp\vsintegration\src\FSharp.Editor\FSharp.Editor.fsproj]
E:\repos\fsharp\vsintegration\src\FSharp.Editor\Commands\HelpContextService.fs(24,9): error FS0039: The value or constructor 'async2' is not defined. Maybe you want one of the following:   async   Async   asyncMaybe   AsyncReturn   AsyncBuilder [E:\repos\fsharp\vsintegration\src\FSharp.Editor\FSharp.Editor.fsproj]
    0 Warning(s)
    100 Error(s)

Time Elapsed 00:00:08.54
