ENTRYPOINT
  false

DOCUMENTS
 [0] <elided-for-testing>
     Type: None
     Language: None
     Vendor: None

METHODS
 f
     Params: []
     Range: Some "[0,4:9] - [0,4:10]"
     Points:
      - Doc: 0 Offset:0 [4:5]-[4-14]
      - Doc: 0 Offset:2 [5:5]-[5-6]
     Scopes:
      - [0-4]
        - [1-4]
          Locals: ["0: y"]

