# ================================
# Official tags used in this suite
# ================================
# NoMT -- skip this test/suite if we are doing a MultiTargeting run
# ReqNOCov -- skip this test/suite if we are doing a code coverage run
# ReqENU -- skip this test/suite if we are running on non-ENU (useful to exclude hard-to-localize tests)

CodeGen01,NoMT,CodeGen CodeGen\EmittedIL\AttributeTargets
CodeGen01,NoMT,CodeGen CodeGen\EmittedIL\CCtorDUWithMember
CodeGen01,NoMT,CodeGen CodeGen\EmittedIL\CompiledNameAttribute
CodeGen01,NoMT,CodeGen CodeGen\EmittedIL\ComputationExpressions
CodeGen01,NoMT,CodeGen CodeGen\EmittedIL\DoNotBoxStruct
CodeGen01,NoMT,CodeGen CodeGen\EmittedIL\GeneratedIterators
CodeGen01,NoMT,CodeGen CodeGen\EmittedIL\InequalityComparison
CodeGen01,NoMT,CodeGen CodeGen\EmittedIL\ListExpressionStepping
CodeGen01,NoMT,CodeGen CodeGen\EmittedIL\MethodImplAttribute
CodeGen01,NoMT,CodeGen CodeGen\EmittedIL\Misc
CodeGen01,NoMT,CodeGen CodeGen\EmittedIL\Operators
Retry,CodeGen01,NoMT,CodeGen CodeGen\EmittedIL\QueryExpressionStepping
Retry,CodeGen01,NoMT,CodeGen CodeGen\EmittedIL\SeqExpressionStepping
CodeGen01,NoMT,CodeGen CodeGen\EmittedIL\SeqExpressionTailCalls
CodeGen01,NoMT,CodeGen,NoHostedCompiler,SerializableAttribute CodeGen\EmittedIL\SerializableAttribute
CodeGen01,NoMT,CodeGen CodeGen\EmittedIL\StaticInit
Retry,CodeGen01,NoMT,CodeGen CodeGen\EmittedIL\SteppingMatch
CodeGen01,NoMT,CodeGen CodeGen\EmittedIL\TestFunctions
CodeGen01,NoMT,CodeGen CodeGen\EmittedIL\Tuples
CodeGen01,NoMT,CodeGen CodeGen\Structure

CompilerOptions01,NoMT CompilerOptions\fsc\codepage
CompilerOptions01,NoMT CompilerOptions\fsc\flaterrors
CompilerOptions01,NoMT CompilerOptions\fsc\lib
CompilerOptions01,NoMT CompilerOptions\fsc\out
CompilerOptions01,NoMT,pdbs CompilerOptions\fsc\pdb
CompilerOptions01,NoMT CompilerOptions\fsc\reference
CompilerOptions01,NoMT CompilerOptions\fsc\standalone
CompilerOptions01,NoMT,NoHostedCompiler CompilerOptions\fsc\staticlink
CompilerOptions01,NoMT CompilerOptions\fsc\subsystemversion
CompilerOptions01,NoMT CompilerOptions\fsi\subsystemversion
CompilerOptions01,NoMT,Determinism CompilerOptions\fsc\determinism

Conformance01 Conformance\BasicTypeAndModuleDefinitions\ModuleDefinitions
Conformance01 Conformance\BasicTypeAndModuleDefinitions\NamespaceDeclGroups
Conformance01 Conformance\DeclarationElements\AccessibilityAnnotations\OnTypeMembers
Conformance01 Conformance\DeclarationElements\CustomAttributes\ArgumentsOfAllTypes

Conformance02 Conformance\DeclarationElements\MemberDefinitions\OptionalArguments
Conformance02 Conformance\DeclarationElements\MemberDefinitions\OptionalDefaultParameterValueArguments
Conformance02 Conformance\DeclarationElements\MemberDefinitions\OverloadingMembers
Conformance02 Conformance\DeclarationElements\ModuleAbbreviations

Conformance03 Conformance\Expressions\DataExpressions\ObjectExpressions
Conformance03 Conformance\Expressions\DataExpressions\QueryExpressions

Conformance04 Conformance\Expressions\ExpressionQuotations\Baselines
Conformance04 Conformance\Expressions\ExpressionQuotations\Regressions
Conformance04 Conformance\ImplementationFilesAndSignatureFiles\NamespacesFragmentsAndImplementationFiles\global

Conformance05 Conformance\InferenceProcedures\NameResolution\AutoOpen
Conformance05 Conformance\InferenceProcedures\WellFormednessChecking

Conformance06 Conformance\ObjectOrientedTypeDefinitions\AbstractMembers
Conformance06 Conformance\ObjectOrientedTypeDefinitions\ClassTypes\AutoProperties
Conformance06 Conformance\ObjectOrientedTypeDefinitions\ClassTypes\LetDoDeclarations
Conformance06 Conformance\ObjectOrientedTypeDefinitions\ClassTypes\MemberDeclarations

Conformance07 Conformance\ObjectOrientedTypeDefinitions\DelegateTypes
Conformance07 Conformance\ObjectOrientedTypeDefinitions\EnumTypes
Conformance07 Conformance\ObjectOrientedTypeDefinitions\InterfaceTypes
Conformance07 Conformance\ObjectOrientedTypeDefinitions\TypeExtensions\basic
Conformance07 Conformance\ObjectOrientedTypeDefinitions\TypeExtensions\optional

Conformance08 Conformance\SpecialAttributesAndTypes\Imported\CallerInfo
Conformance08 Conformance\StructFieldEqualityComparison

Misc01,NoMT Import
Misc01,NoMT ..\..\..\testsprivate\fsharpqa\Source\InteractiveSession\AssemblyLoading
Misc01 Warnings

Misc02 Misc
Misc02 MultiTargeting
Misc02,CodeGen Optimizations\AssemblyBoundary
Misc02,CodeGen Optimizations\ForLoop
Misc02,CodeGen Optimizations\GenericComparison
Misc02,CodeGen Optimizations\Inlining
Misc02 ..\..\..\testsprivate\fsharpqa\Source\RealWorld\UnitsOfMeasure
Misc02 ..\..\..\testsprivate\fsharpqa\Source\RealWorld\Agents
Misc02,NoMT ..\..\..\testsprivate\fsharpqa\Source\Setup
Misc02 XmlDoc\Basic
Misc02 XmlDoc\OCamlDoc
Misc02 XmlDoc\UnitOfMeasure
