#  File format:
#      <Comma-delimited list of tags><TAB><TAB><Path from 'tests' to the test directory>[<TAB><TAB><comment>]
#      e.g.
#      core01,mytag,array		fsharp\core\array		# this is my test line
#
#      Use the # character for comments
#
#      Remember to use **TABS** not spaces.
#      I don't know who you are.  I don't know what you want. But if you hose daily automation by forgetting tabs, I will look for you, I will find you, and I will revert your checkin.

Core01		fsharp\core\access
Core01		fsharp\core\apporder
Core01		fsharp\core\array
Core01		fsharp\core\attributes
Core01		fsharp\core\comprehensions
Core01		fsharp\core\control
Core01		fsharp\core\controlChamenos
Core01		fsharp\core\controlMailbox
Core01		fsharp\core\controlStackOverflow
Core01		fsharp\core\controlWebExt
Core02		fsharp\core\controlWpf
Core02		fsharp\core\csext
Core02		..\testsprivate\fsharp\core\csfromfs
Core02		fsharp\core\events
Core02		fsharp\core\forwarders
Core02		fsharp\core\fsfromcs
Core02		fsharp\core\fsfromfsviacs
Core02		fsharp\core\fsiAndModifiers
Core02		fsharp\core\fsi-reload
Core02		fsharp\core\fsi-shadowcopy
Core02		fsharp\core\genericmeasures
Core02		fsharp\core\hiding
Core03		fsharp\core\innerpoly
Core03		fsharp\core\int32
Core03		fsharp\core\internalsvisible
Core03		fsharp\core\interop
Core03		fsharp\core\lazy
Core03		fsharp\core\letrec
Core03		fsharp\core\libtest
Core03		fsharp\core\lift
Core03		fsharp\core\load-script
Core03		fsharp\core\longnames
Core03		fsharp\core\map
Core04		..\testsprivate\fsharp\core\math\lapack
Core04		fsharp\core\math\numbers
Core04		fsharp\core\math\numbersVS2008
Core04		fsharp\core\measures
Core04		fsharp\core\members\basics
Core04		fsharp\core\members\ctree
Core04		fsharp\core\members\factors
Core04		fsharp\core\members\incremental
Core04		fsharp\core\members\ops
Core05		..\testsprivate\fsharp\core\mscorlib
Core05		fsharp\core\namespaces
Core05		fsharp\core\nested
Core05		fsharp\core\parsing
Core05		fsharp\core\patterns
Core05		fsharp\core\pinvoke
Core05		fsharp\core\printf
Core05		fsharp\core\printing
Core05		fsharp\core\queriesCustomQueryOps
Core06		fsharp\core\queriesLeafExpressionConvert
Core06		fsharp\core\queriesNullableOperators
Core06		fsharp\core\queriesOverIEnumerable
Core06		fsharp\core\queriesOverIQueryable
Core06		..\testsprivate\fsharp\core\queriesOverIQueryableLinqToEntities
Core06		..\testsprivate\fsharp\core\queriesOverIQueryableLinqToSql
Core06		fsharp\core\queriesOverOData
Core06		fsharp\core\quotes
Core06		fsharp\core\quotesDebugInfo
Core06		fsharp\core\quotesInMultipleModules
Core07		fsharp\core\reflect
Core07		fsharp\core\resources
Core07		fsharp\core\seq
Core07		fsharp\core\subtype
Core07		fsharp\core\syntax
Core07		fsharp\core\tlr
Core07		fsharp\core\topinit
Core07		fsharp\core\unicode
Core07		fsharp\core\unitsOfMeasure
Core07		fsharp\core\verify

# these take a long time, isolate in their own tags
Portable47		fsharp\core\portable
Portable7		fsharp\core\netcore\netcore7
Portable78		fsharp\core\netcore\netcore78
Portable259		fsharp\core\netcore\netcore259

Samples01		..\testsprivate\fsharp\samples\adCenter
Samples01		..\testsprivate\fsharp\samples\AntColony
Samples01		..\testsprivate\fsharp\samples\asfparse
Samples01		..\testsprivate\fsharp\samples\bitonic
Samples01		..\testsprivate\fsharp\samples\blast
Samples01		..\testsprivate\fsharp\samples\brianmcn
Samples01		..\testsprivate\fsharp\samples\Cci2Test
Samples01		..\testsprivate\fsharp\samples\ChartControl
Samples01		..\testsprivate\fsharp\samples\ChessAnalysis
Samples01		..\testsprivate\fsharp\samples\CodeFormatter
Samples02		..\testsprivate\fsharp\samples\ConcurrentLife
Samples02		..\testsprivate\fsharp\samples\cs2fsform
Samples02		..\testsprivate\fsharp\samples\expert-fsharp-book
Samples02		..\testsprivate\fsharp\samples\formgen
Samples02		..\testsprivate\fsharp\samples\FSforScientists
Samples02		..\testsprivate\fsharp\samples\fsharp2Latex
Samples02		..\testsprivate\fsharp\samples\fsharp2Word
Samples03		..\testsprivate\fsharp\samples\FSharppToFSProj
Samples03,FSHARPNETFX20Only		..\testsprivate\fsharp\samples\FSMiniJava2
Samples03		..\testsprivate\fsharp\samples\graph
Samples03		..\testsprivate\fsharp\samples\InteractiveDirectX
Samples03		..\testsprivate\fsharp\samples\interactivewebcrawl
Samples03		..\testsprivate\fsharp\samples\IntroductoryTutorial
Samples03		..\testsprivate\fsharp\samples\Joins\ActiveObjects
Samples03		..\testsprivate\fsharp\samples\Joins\BoundedBuffer
Samples03		..\testsprivate\fsharp\samples\Joins\ReaderWriter
Samples03		..\testsprivate\fsharp\samples\jrh
Samples04		..\testsprivate\fsharp\samples\life
Samples04		..\testsprivate\fsharp\samples\Micado
Samples04		..\testsprivate\fsharp\samples\mort
Samples04		..\testsprivate\fsharp\samples\mort3
Samples04		..\testsprivate\fsharp\samples\mort-hw
Samples04		..\testsprivate\fsharp\samples\MSFDSL
Samples04		..\testsprivate\fsharp\samples\nativecodebindingtutorial
Samples04		..\testsprivate\fsharp\samples\netra
Samples05		..\testsprivate\fsharp\samples\nova-pasta
Samples05		..\testsprivate\fsharp\samples\ondrej
Samples05		..\testsprivate\fsharp\samples\pela
Samples05		..\testsprivate\fsharp\samples\pickering-book-final
Samples05		..\testsprivate\fsharp\samples\ralf-1
Samples05		..\testsprivate\fsharp\samples\Samples101
Samples05		..\testsprivate\fsharp\samples\scls
Samples05		..\testsprivate\fsharp\samples\SolarSystem
Samples06		..\testsprivate\fsharp\samples\stephen
Samples06		..\testsprivate\fsharp\samples\stressCommentParsing
Samples06		..\testsprivate\fsharp\samples\stressLargeConstTerms
Samples06		..\testsprivate\fsharp\samples\SudokuSolver
Samples06		..\testsprivate\fsharp\samples\t-pierred
Samples06		..\testsprivate\fsharp\samples\TrueSkillDistribution\TrueSkillDistributionViewer
Samples06		..\testsprivate\fsharp\samples\umrun
Samples06		..\testsprivate\fsharp\samples\vsmocks
Samples06		..\testsprivate\fsharp\samples\wecker-1
Samples07		..\testsprivate\fsharp\samples\WinFormsScripting
Samples07		..\testsprivate\fsharp\samples\XBoxLiveLogFilter
Samples07		..\testsprivate\fsharp\samples\XBoxLiveLogViewer
Samples07		..\testsprivate\fsharp\samples\XNA\WindowsXNAGame
Samples07		..\testsprivate\fsharp\samples\XNA\XBox360Game

TypeProviders01		fsharp\typeProviders\helloWorld
TypeProviders01		..\testsprivate\fsharp\typeProviders\builtin\DbmlFile
TypeProviders01		fsharp\typeProviders\builtin\EdmxFile
TypeProviders01		fsharp\typeProviders\builtin\ODataService
TypeProviders01		fsharp\typeProviders\builtin\SqlDataConnection
TypeProviders01		fsharp\typeProviders\builtin\SqlEntityConnection
TypeProviders01		fsharp\typeProviders\builtin\WsdlService
TypeProviders01		fsharp\typeProviders\diamondAssembly
TypeProviders01		fsharp\typeProviders\globalNamespace
TypeProviders01		fsharp\typeProviders\helloWorldCSharp
TypeProviders01		fsharp\typeProviders\negTests
TypeProviders01		fsharp\typeProviders\splitAssembly
TypeProviders01		fsharp\typeProviders\wedgeAssembly

Misc01		..\testsprivate\fsharp\Telemetry\FSharpCompiler
Misc01		fsharp\optimize\analyses
Misc01		fsharp\optimize\basics
Misc01		fsharp\optimize\stats
Misc01		fsharp\optimize\inline
Misc01		fsharp\perf\graph
Misc01		fsharp\perf\nbody
Misc01		fsharp\regression\26
Misc01		fsharp\regression\83
Misc01		fsharp\regression\84
Misc01		fsharp\regression\85
Misc01		fsharp\regression\86
Misc02		fsharp\regression\321
Misc02		fsharp\regression\655
Misc02		fsharp\regression\656
Misc02		fsharp\regression\ml-1
Misc02		..\testsprivate\fsharp\regression\standalone-bug
Misc02		fsharp\regression\tuple-bug-1
Misc02		fsharp\tools\bundle
Misc02		fsharp\tools\eval
Misc02		..\testsprivate\fsharp\tools\queries
Misc02		fsharp\typecheck\misc
Misc02		fsharp\typecheck\sigs
Misc02		fsharp\typecheck\full-rank-arrays
