<?xml version="1.0" encoding="utf-8"?>
<TestRun id="a91ef372-6dc8-4bd6-a971-d9d19767db44" name="@runnervmf4ws1 2025-09-15 09:00:16" xmlns="http://microsoft.com/schemas/VisualStudio/TeamTest/2010">
  <Times creation="2025-09-15T09:00:16.5652484+00:00" queuing="2025-09-15T09:00:16.5652485+00:00" start="2025-09-15T09:00:15.6532851+00:00" finish="2025-09-15T09:00:16.5705511+00:00" />
  <TestSettings name="default" id="765c50f6-3afc-432b-834f-e1c2b3841ffa">
    <Deployment runDeploymentRoot="_runnervmf4ws1_2025-09-15_09_00_16" />
  </TestSettings>
  <Results>
    <UnitTestResult executionId="85701053-fa94-4f54-a9b4-796a30718378" testId="f4510d6c-e5f2-6968-92fd-b234a9888f15" testName="FSharp.Test.UtilitiesTests.Stress attribute works&lt;Int32&gt;(_arg1: 0)" computerName="runnervmf4ws1" duration="00:00:00.0000158" startTime="2025-09-15T09:00:16.3380513+00:00" endTime="2025-09-15T09:00:16.3380514+00:00" testType="13cdc9d9-ddb5-4fa4-a97d-d965ccfc6d4b" outcome="Passed" testListId="8c84fa94-04c1-424b-9868-57a2d4851a1d" relativeResultsDirectory="85701053-fa94-4f54-a9b4-796a30718378">
      <Output>
        <StdOut>Passing, iteration 3 passed</StdOut>
      </Output>
    </UnitTestResult>
    <UnitTestResult executionId="ecfacfdc-6cc4-4b8a-b22b-e743562245c6" testId="ff93dbab-95bd-11f8-3777-432b2a2ffc5a" testName="FSharp.Test.UtilitiesTests.Stress attribute works&lt;Int32&gt;(_arg1: 4)" computerName="runnervmf4ws1" duration="00:00:00.0070673" startTime="2025-09-15T09:00:16.3308162+00:00" endTime="2025-09-15T09:00:16.3308556+00:00" testType="13cdc9d9-ddb5-4fa4-a97d-d965ccfc6d4b" outcome="Passed" testListId="8c84fa94-04c1-424b-9868-57a2d4851a1d" relativeResultsDirectory="ecfacfdc-6cc4-4b8a-b22b-e743562245c6">
      <Output>
        <StdOut>Passing, iteration 2 passed</StdOut>
      </Output>
    </UnitTestResult>
    <UnitTestResult executionId="97833c83-3534-4cf7-8002-270119d26bf3" testId="29373912-8d4f-3ccd-1408-20caea784470" testName="FSharp.Test.UtilitiesTests.Stress attribute should catch intermittent failure" computerName="runnervmf4ws1" duration="00:00:00.0010000" startTime="2025-09-15T09:00:16.3378170+00:00" endTime="2025-09-15T09:00:16.3378170+00:00" testType="13cdc9d9-ddb5-4fa4-a97d-d965ccfc6d4b" outcome="NotExecuted" testListId="8c84fa94-04c1-424b-9868-57a2d4851a1d" relativeResultsDirectory="97833c83-3534-4cf7-8002-270119d26bf3">
      <Output>
        <ErrorInfo>
          <Message>Explicit, unskip to run</Message>
        </ErrorInfo>
      </Output>
    </UnitTestResult>
    <UnitTestResult executionId="15257079-9696-4b1d-b584-88d9bdf3ed58" testId="62f70c6a-a49b-605b-2740-b16f64bbfa7c" testName="FSharp.Test.UtilitiesTests.Stress attribute works&lt;Int32&gt;(_arg1: 3)" computerName="runnervmf4ws1" duration="00:00:00.0000092" startTime="2025-09-15T09:00:16.3381830+00:00" endTime="2025-09-15T09:00:16.3381831+00:00" testType="13cdc9d9-ddb5-4fa4-a97d-d965ccfc6d4b" outcome="Passed" testListId="8c84fa94-04c1-424b-9868-57a2d4851a1d" relativeResultsDirectory="15257079-9696-4b1d-b584-88d9bdf3ed58">
      <Output>
        <StdOut>Passing, iteration 5 passed</StdOut>
      </Output>
    </UnitTestResult>
    <UnitTestResult executionId="aa4a46b5-77e6-4e7a-b399-9af8970f7add" testId="b3b6e810-f04b-391f-537b-3ef605474585" testName="FSharp.Test.UtilitiesTests.Stress attribute works&lt;Int32&gt;(_arg1: 2)" computerName="runnervmf4ws1" duration="00:00:00.0070746" startTime="2025-09-15T09:00:16.3344590+00:00" endTime="2025-09-15T09:00:16.3344591+00:00" testType="13cdc9d9-ddb5-4fa4-a97d-d965ccfc6d4b" outcome="Passed" testListId="8c84fa94-04c1-424b-9868-57a2d4851a1d" relativeResultsDirectory="aa4a46b5-77e6-4e7a-b399-9af8970f7add">
      <Output>
        <StdOut>Passing, iteration 1 passed</StdOut>
      </Output>
    </UnitTestResult>
    <UnitTestResult executionId="744a521a-b7a3-4502-a82a-1414d10967a7" testId="f6a07943-76e3-ee27-445b-d5206284ac3b" testName="FSharp.Test.UtilitiesTests.TestConsole captures output" computerName="runnervmf4ws1" duration="00:00:00.1190182" startTime="2025-09-15T09:00:16.4361324+00:00" endTime="2025-09-15T09:00:16.4361325+00:00" testType="13cdc9d9-ddb5-4fa4-a97d-d965ccfc6d4b" outcome="Passed" testListId="8c84fa94-04c1-424b-9868-57a2d4851a1d" relativeResultsDirectory="744a521a-b7a3-4502-a82a-1414d10967a7">
      <Output>
        <StdOut>Hello, world! 9Hello, world! 3Hello, world! 4Hello, world! 2Hello, world! 0Hello, world! 7Hello, world! 6Hello, world! 8Hello, world! 1Hello, world! 5

=========== Standard Error ===========

Some error 3Some error 9Some error 0Some error 4Some error 6Some error 5Some error 7Some error 2Some error 8Some error 1</StdOut>
      </Output>
    </UnitTestResult>
    <UnitTestResult executionId="86dcd0ae-7489-4140-8ec9-deadbfbba4cb" testId="7298742a-d342-bee4-2ee8-f46833776b9a" testName="FSharp.Test.UtilitiesTests.Stress attribute works&lt;Int32&gt;(_arg1: 1)" computerName="runnervmf4ws1" duration="00:00:00.0000128" startTime="2025-09-15T09:00:16.3380994+00:00" endTime="2025-09-15T09:00:16.3380994+00:00" testType="13cdc9d9-ddb5-4fa4-a97d-d965ccfc6d4b" outcome="Passed" testListId="8c84fa94-04c1-424b-9868-57a2d4851a1d" relativeResultsDirectory="86dcd0ae-7489-4140-8ec9-deadbfbba4cb">
      <Output>
        <StdOut>Passing, iteration 4 passed</StdOut>
      </Output>
    </UnitTestResult>
  </Results>
  <TestDefinitions>
    <UnitTest name="FSharp.Test.UtilitiesTests.Stress attribute works&lt;Int32&gt;(_arg1: 4)" storage="/home/runner/work/fsharp/fsharp/artifacts/bin/fsharp.test.utilities/release/net10.0/fsharp.test.utilities.dll" id="ff93dbab-95bd-11f8-3777-432b2a2ffc5a">
      <Execution id="ecfacfdc-6cc4-4b8a-b22b-e743562245c6" />
      <TestMethod codeBase="/home/runner/work/fsharp/fsharp/artifacts/bin/FSharp.Test.Utilities/Release/net10.0/FSharp.Test.Utilities.dll" adapterTypeName="executor://xunit/VsTestRunner2/netcoreapp" className="FSharp.Test.UtilitiesTests" name="Stress attribute works" />
    </UnitTest>
    <UnitTest name="FSharp.Test.UtilitiesTests.Stress attribute should catch intermittent failure" storage="/home/runner/work/fsharp/fsharp/artifacts/bin/fsharp.test.utilities/release/net10.0/fsharp.test.utilities.dll" id="29373912-8d4f-3ccd-1408-20caea784470">
      <Execution id="97833c83-3534-4cf7-8002-270119d26bf3" />
      <TestMethod codeBase="/home/runner/work/fsharp/fsharp/artifacts/bin/FSharp.Test.Utilities/Release/net10.0/FSharp.Test.Utilities.dll" adapterTypeName="executor://xunit/VsTestRunner2/netcoreapp" className="FSharp.Test.UtilitiesTests" name="Stress attribute should catch intermittent failure" />
    </UnitTest>
    <UnitTest name="FSharp.Test.UtilitiesTests.TestConsole captures output" storage="/home/runner/work/fsharp/fsharp/artifacts/bin/fsharp.test.utilities/release/net10.0/fsharp.test.utilities.dll" id="f6a07943-76e3-ee27-445b-d5206284ac3b">
      <Execution id="744a521a-b7a3-4502-a82a-1414d10967a7" />
      <TestMethod codeBase="/home/runner/work/fsharp/fsharp/artifacts/bin/FSharp.Test.Utilities/Release/net10.0/FSharp.Test.Utilities.dll" adapterTypeName="executor://xunit/VsTestRunner2/netcoreapp" className="FSharp.Test.UtilitiesTests" name="TestConsole captures output" />
    </UnitTest>
    <UnitTest name="FSharp.Test.UtilitiesTests.Stress attribute works&lt;Int32&gt;(_arg1: 0)" storage="/home/runner/work/fsharp/fsharp/artifacts/bin/fsharp.test.utilities/release/net10.0/fsharp.test.utilities.dll" id="f4510d6c-e5f2-6968-92fd-b234a9888f15">
      <Execution id="85701053-fa94-4f54-a9b4-796a30718378" />
      <TestMethod codeBase="/home/runner/work/fsharp/fsharp/artifacts/bin/FSharp.Test.Utilities/Release/net10.0/FSharp.Test.Utilities.dll" adapterTypeName="executor://xunit/VsTestRunner2/netcoreapp" className="FSharp.Test.UtilitiesTests" name="Stress attribute works" />
    </UnitTest>
    <UnitTest name="FSharp.Test.UtilitiesTests.Stress attribute works&lt;Int32&gt;(_arg1: 1)" storage="/home/runner/work/fsharp/fsharp/artifacts/bin/fsharp.test.utilities/release/net10.0/fsharp.test.utilities.dll" id="7298742a-d342-bee4-2ee8-f46833776b9a">
      <Execution id="86dcd0ae-7489-4140-8ec9-deadbfbba4cb" />
      <TestMethod codeBase="/home/runner/work/fsharp/fsharp/artifacts/bin/FSharp.Test.Utilities/Release/net10.0/FSharp.Test.Utilities.dll" adapterTypeName="executor://xunit/VsTestRunner2/netcoreapp" className="FSharp.Test.UtilitiesTests" name="Stress attribute works" />
    </UnitTest>
    <UnitTest name="FSharp.Test.UtilitiesTests.Stress attribute works&lt;Int32&gt;(_arg1: 2)" storage="/home/runner/work/fsharp/fsharp/artifacts/bin/fsharp.test.utilities/release/net10.0/fsharp.test.utilities.dll" id="b3b6e810-f04b-391f-537b-3ef605474585">
      <Execution id="aa4a46b5-77e6-4e7a-b399-9af8970f7add" />
      <TestMethod codeBase="/home/runner/work/fsharp/fsharp/artifacts/bin/FSharp.Test.Utilities/Release/net10.0/FSharp.Test.Utilities.dll" adapterTypeName="executor://xunit/VsTestRunner2/netcoreapp" className="FSharp.Test.UtilitiesTests" name="Stress attribute works" />
    </UnitTest>
    <UnitTest name="FSharp.Test.UtilitiesTests.Stress attribute works&lt;Int32&gt;(_arg1: 3)" storage="/home/runner/work/fsharp/fsharp/artifacts/bin/fsharp.test.utilities/release/net10.0/fsharp.test.utilities.dll" id="62f70c6a-a49b-605b-2740-b16f64bbfa7c">
      <Execution id="15257079-9696-4b1d-b584-88d9bdf3ed58" />
      <TestMethod codeBase="/home/runner/work/fsharp/fsharp/artifacts/bin/FSharp.Test.Utilities/Release/net10.0/FSharp.Test.Utilities.dll" adapterTypeName="executor://xunit/VsTestRunner2/netcoreapp" className="FSharp.Test.UtilitiesTests" name="Stress attribute works" />
    </UnitTest>
  </TestDefinitions>
  <TestEntries>
    <TestEntry testId="f4510d6c-e5f2-6968-92fd-b234a9888f15" executionId="85701053-fa94-4f54-a9b4-796a30718378" testListId="8c84fa94-04c1-424b-9868-57a2d4851a1d" />
    <TestEntry testId="ff93dbab-95bd-11f8-3777-432b2a2ffc5a" executionId="ecfacfdc-6cc4-4b8a-b22b-e743562245c6" testListId="8c84fa94-04c1-424b-9868-57a2d4851a1d" />
    <TestEntry testId="29373912-8d4f-3ccd-1408-20caea784470" executionId="97833c83-3534-4cf7-8002-270119d26bf3" testListId="8c84fa94-04c1-424b-9868-57a2d4851a1d" />
    <TestEntry testId="62f70c6a-a49b-605b-2740-b16f64bbfa7c" executionId="15257079-9696-4b1d-b584-88d9bdf3ed58" testListId="8c84fa94-04c1-424b-9868-57a2d4851a1d" />
    <TestEntry testId="b3b6e810-f04b-391f-537b-3ef605474585" executionId="aa4a46b5-77e6-4e7a-b399-9af8970f7add" testListId="8c84fa94-04c1-424b-9868-57a2d4851a1d" />
    <TestEntry testId="f6a07943-76e3-ee27-445b-d5206284ac3b" executionId="744a521a-b7a3-4502-a82a-1414d10967a7" testListId="8c84fa94-04c1-424b-9868-57a2d4851a1d" />
    <TestEntry testId="7298742a-d342-bee4-2ee8-f46833776b9a" executionId="86dcd0ae-7489-4140-8ec9-deadbfbba4cb" testListId="8c84fa94-04c1-424b-9868-57a2d4851a1d" />
  </TestEntries>
  <TestLists>
    <TestList name="Results Not in a List" id="8c84fa94-04c1-424b-9868-57a2d4851a1d" />
    <TestList name="All Loaded Results" id="19431567-8539-422a-85d7-44ee4e166bda" />
  </TestLists>
  <ResultSummary outcome="Completed">
    <Counters total="7" executed="6" passed="6" failed="0" error="0" timeout="0" aborted="0" inconclusive="0" passedButRunAborted="0" notRunnable="0" notExecuted="0" disconnected="0" warning="0" completed="0" inProgress="0" pending="0" />
    <Output>
      <StdOut>[xUnit.net 00:00:00.00] xUnit.net VSTest Adapter v2.8.2+699d445a1a (64-bit .NET 10.0.0-rc.1.25411.109)
Installing TestConsole redirection
---------------------------------------------------------------
Executables
CSC                      = /home/runner/.nuget/packages/microsoft.net.compilers/4.3.0-1.22220.8/tools/csc.exe
BUILD_CONFIG             = Release
csc_flags                = /nologo
FSC                      = /home/runner/work/fsharp/fsharp/tests/FSharp.Test.Utilities/../../artifacts/bin/fsc/Release/net10.0/fsc.dll
fsc_flags                = -r:System.Core.dll --nowarn:20 --define:COMPILED --preferreduilang:en-US
FSCOREDLLPATH            = /home/runner/work/fsharp/fsharp/tests/FSharp.Test.Utilities/../../artifacts/bin/FSharp.Core/Release/netstandard2.0/FSharp.Core.dll
FSI                      = /home/runner/work/fsharp/fsharp/tests/FSharp.Test.Utilities/../../artifacts/bin/fsi/Release/net10.0/fsi.dll
DotNetExe                = dotnet
DOTNET_MULTILEVEL_LOOKUP = 0
DOTNET_ROOT              = /usr/share/dotnet
FSI_FOR_SCRIPTS          = /home/runner/work/fsharp/fsharp/tests/FSharp.Test.Utilities/../../artifacts/bin/fsi/Release/net10.0/fsi.dll
fsi_flags                = -r:System.Core.dll --nowarn:20 --define:INTERACTIVE --maxerrors:1 --abortonerror --preferreduilang:en-US
ILDASM                   = /home/runner/.nuget/packages/runtime.linux-x64.microsoft.netcore.ildasm/5.0.0-preview.7.20364.11/runtimes/linux-x64/native/ildasm
PEVERIFY                 = ilverify
---------------------------------------------------------------
[xUnit.net 00:00:00.14]   Discovering: FSharp.Test.Utilities
[xUnit.net 00:00:00.21]   Discovered:  FSharp.Test.Utilities
[xUnit.net 00:00:00.22]   Starting:    FSharp.Test.Utilities
[xUnit.net 00:00:00.28]       Explicit, unskip to run
[xUnit.net 00:00:00.38]   Finished:    FSharp.Test.Utilities
Test 'FSharp.Test.UtilitiesTests.Stress attribute should catch intermittent failure' was skipped in the test run.
</StdOut>
    </Output>
    <RunInfos>
      <RunInfo computerName="runnervmf4ws1" outcome="Warning" timestamp="2025-09-15T09:00:16.3376098+00:00">
        <Text>[xUnit.net 00:00:00.28]     FSharp.Test.UtilitiesTests.Stress attribute should catch intermittent failure [SKIP]</Text>
      </RunInfo>
    </RunInfos>
  </ResultSummary>
</TestRun>